Archive member included to satisfy reference by file (symbol)

.\CortexM3\ARM_GCC_541\Debug\Design01.a(Right_Eyeball.o)
                              .\CortexM3\ARM_GCC_541\Debug\main.o (Right_Eyeball_WriteCompare1)
.\CortexM3\ARM_GCC_541\Debug\Design01.a(CyLib.o)
                              .\CortexM3\ARM_GCC_541\Debug\Cm3Start.o (CyHalt)
.\CortexM3\ARM_GCC_541\Debug\Design01.a(cyPm.o)
                              .\CortexM3\ARM_GCC_541\Debug\Design01.a(CyLib.o) (CyPmReadStatus)
.\CortexM3\ARM_GCC_541\Debug\Design01.a(Left_Eyebrow.o)
                              .\CortexM3\ARM_GCC_541\Debug\main.o (Left_Eyebrow_WriteCompare1)
.\CortexM3\ARM_GCC_541\Debug\Design01.a(Right_Eyebrow.o)
                              .\CortexM3\ARM_GCC_541\Debug\main.o (Right_Eyebrow_WriteCompare1)
.\CortexM3\ARM_GCC_541\Debug\Design01.a(Eyelid.o)
                              .\CortexM3\ARM_GCC_541\Debug\main.o (Eyelid_WriteCompare2)
.\CortexM3\ARM_GCC_541\Debug\Design01.a(BaseAndJaw.o)
                              .\CortexM3\ARM_GCC_541\Debug\main.o (BaseAndJaw_WriteCompare1)
.\CortexM3\ARM_GCC_541\Debug\Design01.a(Lips.o)
                              .\CortexM3\ARM_GCC_541\Debug\main.o (Lips_WriteCompare1)
.\CortexM3\ARM_GCC_541\Debug\Design01.a(Neck.o)
                              .\CortexM3\ARM_GCC_541\Debug\main.o (Neck_WriteCompare1)
.\CortexM3\ARM_GCC_541\Debug\Design01.a(Left_Eyeball.o)
                              .\CortexM3\ARM_GCC_541\Debug\main.o (Left_Eyeball_WriteCompare1)
.\CortexM3\ARM_GCC_541\Debug\Design01.a(CyBootAsmGnu.o)
                              .\CortexM3\ARM_GCC_541\Debug\cyfitter_cfg.o (CyDelayCycles)
.\CortexM3\ARM_GCC_541\Debug\Design01.a(CyFlash.o)
                              .\CortexM3\ARM_GCC_541\Debug\Design01.a(cyPm.o) (CyFlash_SetWaitCycles)
.\CortexM3\ARM_GCC_541\Debug\Design01.a(CySpc.o)
                              .\CortexM3\ARM_GCC_541\Debug\Design01.a(CyFlash.o) (CySpcStart)
c:/program files (x86)/cypress/psoc creator/4.1/psoc creator/import/gnu/arm/5.4.1/bin/../lib/gcc/arm-none-eabi/5.4.1/../../../../arm-none-eabi/lib/armv7-m\libg_nano.a(lib_a-errno.o)
                              .\CortexM3\ARM_GCC_541\Debug\Cm3Start.o (__errno)
c:/program files (x86)/cypress/psoc creator/4.1/psoc creator/import/gnu/arm/5.4.1/bin/../lib/gcc/arm-none-eabi/5.4.1/../../../../arm-none-eabi/lib/armv7-m\libg_nano.a(lib_a-exit.o)
                              c:/program files (x86)/cypress/psoc creator/4.1/psoc creator/import/gnu/arm/5.4.1/bin/../lib/gcc/arm-none-eabi/5.4.1/../../../../arm-none-eabi/lib/armv7-m/crt0.o (exit)
c:/program files (x86)/cypress/psoc creator/4.1/psoc creator/import/gnu/arm/5.4.1/bin/../lib/gcc/arm-none-eabi/5.4.1/../../../../arm-none-eabi/lib/armv7-m\libg_nano.a(lib_a-impure.o)
                              c:/program files (x86)/cypress/psoc creator/4.1/psoc creator/import/gnu/arm/5.4.1/bin/../lib/gcc/arm-none-eabi/5.4.1/../../../../arm-none-eabi/lib/armv7-m\libg_nano.a(lib_a-exit.o) (_global_impure_ptr)
c:/program files (x86)/cypress/psoc creator/4.1/psoc creator/import/gnu/arm/5.4.1/bin/../lib/gcc/arm-none-eabi/5.4.1/../../../../arm-none-eabi/lib/armv7-m\libg_nano.a(lib_a-init.o)
                              c:/program files (x86)/cypress/psoc creator/4.1/psoc creator/import/gnu/arm/5.4.1/bin/../lib/gcc/arm-none-eabi/5.4.1/../../../../arm-none-eabi/lib/armv7-m/crt0.o (__libc_init_array)
c:/program files (x86)/cypress/psoc creator/4.1/psoc creator/import/gnu/arm/5.4.1/bin/../lib/gcc/arm-none-eabi/5.4.1/../../../../arm-none-eabi/lib/armv7-m\libg_nano.a(lib_a-memcpy-stub.o)
                              .\CortexM3\ARM_GCC_541\Debug\cyfitter_cfg.o (memcpy)
c:/program files (x86)/cypress/psoc creator/4.1/psoc creator/import/gnu/arm/5.4.1/bin/../lib/gcc/arm-none-eabi/5.4.1/../../../../arm-none-eabi/lib/armv7-m\libg_nano.a(lib_a-memset.o)
                              c:/program files (x86)/cypress/psoc creator/4.1/psoc creator/import/gnu/arm/5.4.1/bin/../lib/gcc/arm-none-eabi/5.4.1/../../../../arm-none-eabi/lib/armv7-m/crt0.o (memset)

Allocating common symbols
Common symbol       size              file

dieTemperature      0x2               .\CortexM3\ARM_GCC_541\Debug\Design01.a(CyFlash.o)

Discarded input sections

 .text          0x00000000        0x0 c:/program files (x86)/cypress/psoc creator/4.1/psoc creator/import/gnu/arm/5.4.1/bin/../lib/gcc/arm-none-eabi/5.4.1/armv7-m/crti.o
 .data          0x00000000        0x0 c:/program files (x86)/cypress/psoc creator/4.1/psoc creator/import/gnu/arm/5.4.1/bin/../lib/gcc/arm-none-eabi/5.4.1/armv7-m/crti.o
 .bss           0x00000000        0x0 c:/program files (x86)/cypress/psoc creator/4.1/psoc creator/import/gnu/arm/5.4.1/bin/../lib/gcc/arm-none-eabi/5.4.1/armv7-m/crti.o
 .data          0x00000000        0x4 c:/program files (x86)/cypress/psoc creator/4.1/psoc creator/import/gnu/arm/5.4.1/bin/../lib/gcc/arm-none-eabi/5.4.1/armv7-m/crtbegin.o
 .text          0x00000000       0x74 c:/program files (x86)/cypress/psoc creator/4.1/psoc creator/import/gnu/arm/5.4.1/bin/../lib/gcc/arm-none-eabi/5.4.1/../../../../arm-none-eabi/lib/armv7-m/crt0.o
 .data          0x00000000        0x0 c:/program files (x86)/cypress/psoc creator/4.1/psoc creator/import/gnu/arm/5.4.1/bin/../lib/gcc/arm-none-eabi/5.4.1/../../../../arm-none-eabi/lib/armv7-m/crt0.o
 .bss           0x00000000        0x0 c:/program files (x86)/cypress/psoc creator/4.1/psoc creator/import/gnu/arm/5.4.1/bin/../lib/gcc/arm-none-eabi/5.4.1/../../../../arm-none-eabi/lib/armv7-m/crt0.o
 .ARM.extab     0x00000000        0x0 c:/program files (x86)/cypress/psoc creator/4.1/psoc creator/import/gnu/arm/5.4.1/bin/../lib/gcc/arm-none-eabi/5.4.1/../../../../arm-none-eabi/lib/armv7-m/crt0.o
 .ARM.exidx     0x00000000        0x8 c:/program files (x86)/cypress/psoc creator/4.1/psoc creator/import/gnu/arm/5.4.1/bin/../lib/gcc/arm-none-eabi/5.4.1/../../../../arm-none-eabi/lib/armv7-m/crt0.o
 .text          0x00000000        0x0 .\CortexM3\ARM_GCC_541\Debug\main.o
 .data          0x00000000        0x0 .\CortexM3\ARM_GCC_541\Debug\main.o
 .bss           0x00000000        0x0 .\CortexM3\ARM_GCC_541\Debug\main.o
 .text.left_eyebrow_lift
                0x00000000       0x14 .\CortexM3\ARM_GCC_541\Debug\main.o
 .text.right_eyebrow_lift
                0x00000000       0x14 .\CortexM3\ARM_GCC_541\Debug\main.o
 .text.left_eyebrow_down
                0x00000000       0x14 .\CortexM3\ARM_GCC_541\Debug\main.o
 .text.right_eyebrow_down
                0x00000000       0x14 .\CortexM3\ARM_GCC_541\Debug\main.o
 .text.reset_left
                0x00000000       0x14 .\CortexM3\ARM_GCC_541\Debug\main.o
 .text.reset_right
                0x00000000       0x14 .\CortexM3\ARM_GCC_541\Debug\main.o
 .text.jawopen  0x00000000       0x38 .\CortexM3\ARM_GCC_541\Debug\main.o
 .text.nod      0x00000000       0x48 .\CortexM3\ARM_GCC_541\Debug\main.o
 .text.lipmovement
                0x00000000       0x48 .\CortexM3\ARM_GCC_541\Debug\main.o
 .text.eyelid_openclose
                0x00000000       0x40 .\CortexM3\ARM_GCC_541\Debug\main.o
 .text.eyemovement
                0x00000000       0x88 .\CortexM3\ARM_GCC_541\Debug\main.o
 .text          0x00000000        0x0 .\CortexM3\ARM_GCC_541\Debug\cyfitter_cfg.o
 .data          0x00000000        0x0 .\CortexM3\ARM_GCC_541\Debug\cyfitter_cfg.o
 .bss           0x00000000        0x0 .\CortexM3\ARM_GCC_541\Debug\cyfitter_cfg.o
 .text.SetAnalogRoutingPumps
                0x00000000       0x10 .\CortexM3\ARM_GCC_541\Debug\cyfitter_cfg.o
 .text          0x00000000        0x0 .\CortexM3\ARM_GCC_541\Debug\cymetadata.o
 .data          0x00000000        0x0 .\CortexM3\ARM_GCC_541\Debug\cymetadata.o
 .bss           0x00000000        0x0 .\CortexM3\ARM_GCC_541\Debug\cymetadata.o
 .text          0x00000000        0x0 .\CortexM3\ARM_GCC_541\Debug\Cm3Start.o
 .data          0x00000000        0x4 .\CortexM3\ARM_GCC_541\Debug\Cm3Start.o
 .bss           0x00000000        0x0 .\CortexM3\ARM_GCC_541\Debug\Cm3Start.o
 .text._exit    0x00000000        0xc .\CortexM3\ARM_GCC_541\Debug\Cm3Start.o
 .text._sbrk    0x00000000       0x30 .\CortexM3\ARM_GCC_541\Debug\Cm3Start.o
 .text          0x00000000        0x0 .\CortexM3\ARM_GCC_541\Debug\Design01.a(Right_Eyeball.o)
 .data          0x00000000        0x0 .\CortexM3\ARM_GCC_541\Debug\Design01.a(Right_Eyeball.o)
 .bss           0x00000000        0x1 .\CortexM3\ARM_GCC_541\Debug\Design01.a(Right_Eyeball.o)
 .text.Right_Eyeball_Enable
                0x00000000       0x10 .\CortexM3\ARM_GCC_541\Debug\Design01.a(Right_Eyeball.o)
 .text.Right_Eyeball_Stop
                0x00000000       0x10 .\CortexM3\ARM_GCC_541\Debug\Design01.a(Right_Eyeball.o)
 .text.Right_Eyeball_WriteCounter
                0x00000000        0xc .\CortexM3\ARM_GCC_541\Debug\Design01.a(Right_Eyeball.o)
 .text.Right_Eyeball_ReadCounter
                0x00000000       0x14 .\CortexM3\ARM_GCC_541\Debug\Design01.a(Right_Eyeball.o)
 .text.Right_Eyeball_WritePeriod
                0x00000000        0xc .\CortexM3\ARM_GCC_541\Debug\Design01.a(Right_Eyeball.o)
 .text.Right_Eyeball_WriteCompare1
                0x00000000        0xc .\CortexM3\ARM_GCC_541\Debug\Design01.a(Right_Eyeball.o)
 .text.Right_Eyeball_WriteCompare2
                0x00000000        0xc .\CortexM3\ARM_GCC_541\Debug\Design01.a(Right_Eyeball.o)
 .text.Right_Eyeball_SetInterruptMode
                0x00000000        0xc .\CortexM3\ARM_GCC_541\Debug\Design01.a(Right_Eyeball.o)
 .text.Right_Eyeball_ReadStatusRegister
                0x00000000        0xc .\CortexM3\ARM_GCC_541\Debug\Design01.a(Right_Eyeball.o)
 .text.Right_Eyeball_ReadControlRegister
                0x00000000        0xc .\CortexM3\ARM_GCC_541\Debug\Design01.a(Right_Eyeball.o)
 .text.Right_Eyeball_WriteControlRegister
                0x00000000        0xc .\CortexM3\ARM_GCC_541\Debug\Design01.a(Right_Eyeball.o)
 .text.Right_Eyeball_ReadCapture
                0x00000000        0xc .\CortexM3\ARM_GCC_541\Debug\Design01.a(Right_Eyeball.o)
 .text.Right_Eyeball_ClearFIFO
                0x00000000       0x14 .\CortexM3\ARM_GCC_541\Debug\Design01.a(Right_Eyeball.o)
 .text.Right_Eyeball_Init
                0x00000000       0x64 .\CortexM3\ARM_GCC_541\Debug\Design01.a(Right_Eyeball.o)
 .text.Right_Eyeball_Start
                0x00000000       0x1c .\CortexM3\ARM_GCC_541\Debug\Design01.a(Right_Eyeball.o)
 .text.Right_Eyeball_ReadCompare1
                0x00000000        0xc .\CortexM3\ARM_GCC_541\Debug\Design01.a(Right_Eyeball.o)
 .text.Right_Eyeball_ReadCompare2
                0x00000000        0xc .\CortexM3\ARM_GCC_541\Debug\Design01.a(Right_Eyeball.o)
 .text.Right_Eyeball_ReadPeriod
                0x00000000        0xc .\CortexM3\ARM_GCC_541\Debug\Design01.a(Right_Eyeball.o)
 .text          0x00000000        0x0 .\CortexM3\ARM_GCC_541\Debug\Design01.a(CyLib.o)
 .bss           0x00000000       0x1c .\CortexM3\ARM_GCC_541\Debug\Design01.a(CyLib.o)
 .text.CyUSB_PowerOnCheck
                0x00000000       0x48 .\CortexM3\ARM_GCC_541\Debug\Design01.a(CyLib.o)
 .text.CyBusClk_Internal_SetDivider
                0x00000000       0x48 .\CortexM3\ARM_GCC_541\Debug\Design01.a(CyLib.o)
 .text.CyPLL_OUT_Stop
                0x00000000       0x10 .\CortexM3\ARM_GCC_541\Debug\Design01.a(CyLib.o)
 .text.CyIMO_Stop
                0x00000000       0x1c .\CortexM3\ARM_GCC_541\Debug\Design01.a(CyLib.o)
 .text.CyIMO_EnableDoubler
                0x00000000       0x10 .\CortexM3\ARM_GCC_541\Debug\Design01.a(CyLib.o)
 .text.CyIMO_DisableDoubler
                0x00000000       0x10 .\CortexM3\ARM_GCC_541\Debug\Design01.a(CyLib.o)
 .text.CyMasterClk_SetSource
                0x00000000       0x18 .\CortexM3\ARM_GCC_541\Debug\Design01.a(CyLib.o)
 .text.CyMasterClk_SetDivider
                0x00000000        0xc .\CortexM3\ARM_GCC_541\Debug\Design01.a(CyLib.o)
 .text.CyBusClk_SetDivider
                0x00000000       0x70 .\CortexM3\ARM_GCC_541\Debug\Design01.a(CyLib.o)
 .text.CyUsbClk_SetSource
                0x00000000       0x18 .\CortexM3\ARM_GCC_541\Debug\Design01.a(CyLib.o)
 .text.CyILO_Start1K
                0x00000000       0x10 .\CortexM3\ARM_GCC_541\Debug\Design01.a(CyLib.o)
 .text.CyILO_Stop1K
                0x00000000       0x10 .\CortexM3\ARM_GCC_541\Debug\Design01.a(CyLib.o)
 .text.CyILO_Start100K
                0x00000000       0x10 .\CortexM3\ARM_GCC_541\Debug\Design01.a(CyLib.o)
 .text.CyILO_Stop100K
                0x00000000       0x10 .\CortexM3\ARM_GCC_541\Debug\Design01.a(CyLib.o)
 .text.CyPLL_OUT_Start
                0x00000000       0x78 .\CortexM3\ARM_GCC_541\Debug\Design01.a(CyLib.o)
 .text.CyIMO_Start
                0x00000000       0x60 .\CortexM3\ARM_GCC_541\Debug\Design01.a(CyLib.o)
 .text.CyILO_Enable33K
                0x00000000       0x10 .\CortexM3\ARM_GCC_541\Debug\Design01.a(CyLib.o)
 .text.CyILO_Disable33K
                0x00000000       0x10 .\CortexM3\ARM_GCC_541\Debug\Design01.a(CyLib.o)
 .text.CyILO_SetSource
                0x00000000       0x18 .\CortexM3\ARM_GCC_541\Debug\Design01.a(CyLib.o)
 .text.CyILO_SetPowerMode
                0x00000000       0x24 .\CortexM3\ARM_GCC_541\Debug\Design01.a(CyLib.o)
 .text.CyXTAL_32KHZ_Stop
                0x00000000       0x30 .\CortexM3\ARM_GCC_541\Debug\Design01.a(CyLib.o)
 .text.CyXTAL_32KHZ_ReadStatus
                0x00000000       0x10 .\CortexM3\ARM_GCC_541\Debug\Design01.a(CyLib.o)
 .text.CyXTAL_Start
                0x00000000       0xac .\CortexM3\ARM_GCC_541\Debug\Design01.a(CyLib.o)
 .text.CyXTAL_Stop
                0x00000000       0x10 .\CortexM3\ARM_GCC_541\Debug\Design01.a(CyLib.o)
 .text.CyXTAL_EnableErrStatus
                0x00000000       0x10 .\CortexM3\ARM_GCC_541\Debug\Design01.a(CyLib.o)
 .text.CyXTAL_DisableErrStatus
                0x00000000       0x10 .\CortexM3\ARM_GCC_541\Debug\Design01.a(CyLib.o)
 .text.CyXTAL_ReadStatus
                0x00000000       0x18 .\CortexM3\ARM_GCC_541\Debug\Design01.a(CyLib.o)
 .text.CyXTAL_EnableFaultRecovery
                0x00000000       0x10 .\CortexM3\ARM_GCC_541\Debug\Design01.a(CyLib.o)
 .text.CyXTAL_DisableFaultRecovery
                0x00000000       0x10 .\CortexM3\ARM_GCC_541\Debug\Design01.a(CyLib.o)
 .text.CyXTAL_SetStartup
                0x00000000       0x18 .\CortexM3\ARM_GCC_541\Debug\Design01.a(CyLib.o)
 .text.CyXTAL_SetFbVoltage
                0x00000000       0x18 .\CortexM3\ARM_GCC_541\Debug\Design01.a(CyLib.o)
 .text.CyXTAL_SetWdVoltage
                0x00000000       0x18 .\CortexM3\ARM_GCC_541\Debug\Design01.a(CyLib.o)
 .text.CyHalt   0x00000000        0x4 .\CortexM3\ARM_GCC_541\Debug\Design01.a(CyLib.o)
 .text.CyPLL_OUT_SetPQ
                0x00000000       0x60 .\CortexM3\ARM_GCC_541\Debug\Design01.a(CyLib.o)
 .text.CyPLL_OUT_SetSource
                0x00000000       0x34 .\CortexM3\ARM_GCC_541\Debug\Design01.a(CyLib.o)
 .text.CyIMO_SetTrimValue
                0x00000000       0xcc .\CortexM3\ARM_GCC_541\Debug\Design01.a(CyLib.o)
 .text.CyIMO_SetFreq
                0x00000000       0xf4 .\CortexM3\ARM_GCC_541\Debug\Design01.a(CyLib.o)
 .text.CyIMO_SetSource
                0x00000000       0x58 .\CortexM3\ARM_GCC_541\Debug\Design01.a(CyLib.o)
 .text.CySoftwareReset
                0x00000000       0x10 .\CortexM3\ARM_GCC_541\Debug\Design01.a(CyLib.o)
 .text.CyDelayUs
                0x00000000       0x14 .\CortexM3\ARM_GCC_541\Debug\Design01.a(CyLib.o)
 .text.CyXTAL_32KHZ_SetPowerMode
                0x00000000       0x84 .\CortexM3\ARM_GCC_541\Debug\Design01.a(CyLib.o)
 .text.CyXTAL_32KHZ_Start
                0x00000000       0x74 .\CortexM3\ARM_GCC_541\Debug\Design01.a(CyLib.o)
 .text.CyDelayFreq
                0x00000000       0x4c .\CortexM3\ARM_GCC_541\Debug\Design01.a(CyLib.o)
 .text.CyWdtStart
                0x00000000       0x40 .\CortexM3\ARM_GCC_541\Debug\Design01.a(CyLib.o)
 .text.CyWdtClear
                0x00000000        0xc .\CortexM3\ARM_GCC_541\Debug\Design01.a(CyLib.o)
 .text.CyVdStickyStatus
                0x00000000       0x2c .\CortexM3\ARM_GCC_541\Debug\Design01.a(CyLib.o)
 .text.CyVdLvDigitEnable
                0x00000000       0x84 .\CortexM3\ARM_GCC_541\Debug\Design01.a(CyLib.o)
 .text.CyVdLvAnalogEnable
                0x00000000       0x80 .\CortexM3\ARM_GCC_541\Debug\Design01.a(CyLib.o)
 .text.CyVdLvDigitDisable
                0x00000000       0x30 .\CortexM3\ARM_GCC_541\Debug\Design01.a(CyLib.o)
 .text.CyVdLvAnalogDisable
                0x00000000       0x28 .\CortexM3\ARM_GCC_541\Debug\Design01.a(CyLib.o)
 .text.CyVdHvAnalogEnable
                0x00000000       0x54 .\CortexM3\ARM_GCC_541\Debug\Design01.a(CyLib.o)
 .text.CyVdHvAnalogDisable
                0x00000000       0x20 .\CortexM3\ARM_GCC_541\Debug\Design01.a(CyLib.o)
 .text.CyVdRealTimeStatus
                0x00000000       0x1c .\CortexM3\ARM_GCC_541\Debug\Design01.a(CyLib.o)
 .text.CyDisableInts
                0x00000000       0x1c .\CortexM3\ARM_GCC_541\Debug\Design01.a(CyLib.o)
 .text.CyEnableInts
                0x00000000       0x18 .\CortexM3\ARM_GCC_541\Debug\Design01.a(CyLib.o)
 .text.CyFlushCache
                0x00000000       0x44 .\CortexM3\ARM_GCC_541\Debug\Design01.a(CyLib.o)
 .text.CyIntSetSysVector
                0x00000000       0x28 .\CortexM3\ARM_GCC_541\Debug\Design01.a(CyLib.o)
 .text.CyIntGetSysVector
                0x00000000       0x20 .\CortexM3\ARM_GCC_541\Debug\Design01.a(CyLib.o)
 .text.CyIntSetVector
                0x00000000       0x28 .\CortexM3\ARM_GCC_541\Debug\Design01.a(CyLib.o)
 .text.CyIntGetVector
                0x00000000       0x24 .\CortexM3\ARM_GCC_541\Debug\Design01.a(CyLib.o)
 .text.CyIntSetPriority
                0x00000000       0x30 .\CortexM3\ARM_GCC_541\Debug\Design01.a(CyLib.o)
 .text.CyIntGetPriority
                0x00000000       0x20 .\CortexM3\ARM_GCC_541\Debug\Design01.a(CyLib.o)
 .text.CyIntGetState
                0x00000000       0x24 .\CortexM3\ARM_GCC_541\Debug\Design01.a(CyLib.o)
 .text.CySysTickStop
                0x00000000       0x10 .\CortexM3\ARM_GCC_541\Debug\Design01.a(CyLib.o)
 .text.CySysTickEnableInterrupt
                0x00000000       0x10 .\CortexM3\ARM_GCC_541\Debug\Design01.a(CyLib.o)
 .text.CySysTickEnable
                0x00000000       0x18 .\CortexM3\ARM_GCC_541\Debug\Design01.a(CyLib.o)
 .text.CySysTickDisableInterrupt
                0x00000000       0x10 .\CortexM3\ARM_GCC_541\Debug\Design01.a(CyLib.o)
 .text.CySysTickSetReload
                0x00000000       0x10 .\CortexM3\ARM_GCC_541\Debug\Design01.a(CyLib.o)
 .text.CySysTickGetReload
                0x00000000       0x10 .\CortexM3\ARM_GCC_541\Debug\Design01.a(CyLib.o)
 .text.CySysTickGetValue
                0x00000000       0x10 .\CortexM3\ARM_GCC_541\Debug\Design01.a(CyLib.o)
 .text.CySysTickSetClockSource
                0x00000000       0x20 .\CortexM3\ARM_GCC_541\Debug\Design01.a(CyLib.o)
 .text.CySysTickGetClockSource
                0x00000000       0x10 .\CortexM3\ARM_GCC_541\Debug\Design01.a(CyLib.o)
 .text.CySysTickGetCountFlag
                0x00000000       0x10 .\CortexM3\ARM_GCC_541\Debug\Design01.a(CyLib.o)
 .text.CySysTickServiceCallbacks
                0x00000000       0x28 .\CortexM3\ARM_GCC_541\Debug\Design01.a(CyLib.o)
 .text.CySysTickClear
                0x00000000        0xc .\CortexM3\ARM_GCC_541\Debug\Design01.a(CyLib.o)
 .text.CySysTickInit
                0x00000000       0x58 .\CortexM3\ARM_GCC_541\Debug\Design01.a(CyLib.o)
 .text.CySysTickStart
                0x00000000       0x1c .\CortexM3\ARM_GCC_541\Debug\Design01.a(CyLib.o)
 .text.CySysTickSetCallback
                0x00000000       0x10 .\CortexM3\ARM_GCC_541\Debug\Design01.a(CyLib.o)
 .text.CySysTickGetCallback
                0x00000000       0x10 .\CortexM3\ARM_GCC_541\Debug\Design01.a(CyLib.o)
 .text.CyGetUniqueId
                0x00000000       0x70 .\CortexM3\ARM_GCC_541\Debug\Design01.a(CyLib.o)
 .text          0x00000000        0x0 .\CortexM3\ARM_GCC_541\Debug\Design01.a(cyPm.o)
 .data          0x00000000        0x0 .\CortexM3\ARM_GCC_541\Debug\Design01.a(cyPm.o)
 .bss           0x00000000       0x43 .\CortexM3\ARM_GCC_541\Debug\Design01.a(cyPm.o)
 .text.CyPmHibSlpSaveSet
                0x00000000      0x1dc .\CortexM3\ARM_GCC_541\Debug\Design01.a(cyPm.o)
 .text.CyPmHibSlpRestore
                0x00000000       0xd8 .\CortexM3\ARM_GCC_541\Debug\Design01.a(cyPm.o)
 .text.CyPmHviLviSaveDisable
                0x00000000       0xa0 .\CortexM3\ARM_GCC_541\Debug\Design01.a(cyPm.o)
 .text.CyPmHibSaveSet
                0x00000000       0x98 .\CortexM3\ARM_GCC_541\Debug\Design01.a(cyPm.o)
 .text.CyPmHviLviRestore
                0x00000000       0x48 .\CortexM3\ARM_GCC_541\Debug\Design01.a(cyPm.o)
 .text.CyPmHibRestore
                0x00000000       0x60 .\CortexM3\ARM_GCC_541\Debug\Design01.a(cyPm.o)
 .text.CyPmSaveClocks
                0x00000000      0x218 .\CortexM3\ARM_GCC_541\Debug\Design01.a(cyPm.o)
 .text.CyPmRestoreClocks
                0x00000000      0x24c .\CortexM3\ARM_GCC_541\Debug\Design01.a(cyPm.o)
 .text.CyPmAltAct
                0x00000000       0x6c .\CortexM3\ARM_GCC_541\Debug\Design01.a(cyPm.o)
 .text.CyPmSleep
                0x00000000       0xf4 .\CortexM3\ARM_GCC_541\Debug\Design01.a(cyPm.o)
 .text.CyPmHibernateEx
                0x00000000       0xf4 .\CortexM3\ARM_GCC_541\Debug\Design01.a(cyPm.o)
 .text.CyPmHibernate
                0x00000000        0xc .\CortexM3\ARM_GCC_541\Debug\Design01.a(cyPm.o)
 .text.CyPmReadStatus
                0x00000000       0x30 .\CortexM3\ARM_GCC_541\Debug\Design01.a(cyPm.o)
 .text.CyPmCtwSetInterval
                0x00000000       0x5c .\CortexM3\ARM_GCC_541\Debug\Design01.a(cyPm.o)
 .text.CyPmOppsSet
                0x00000000       0x2c .\CortexM3\ARM_GCC_541\Debug\Design01.a(cyPm.o)
 .text.CyPmFtwSetInterval
                0x00000000       0x5c .\CortexM3\ARM_GCC_541\Debug\Design01.a(cyPm.o)
 .rodata        0x00000000        0xf .\CortexM3\ARM_GCC_541\Debug\Design01.a(cyPm.o)
 .text          0x00000000        0x0 .\CortexM3\ARM_GCC_541\Debug\Design01.a(Left_Eyebrow.o)
 .data          0x00000000        0x0 .\CortexM3\ARM_GCC_541\Debug\Design01.a(Left_Eyebrow.o)
 .bss           0x00000000        0x1 .\CortexM3\ARM_GCC_541\Debug\Design01.a(Left_Eyebrow.o)
 .text.Left_Eyebrow_Enable
                0x00000000       0x10 .\CortexM3\ARM_GCC_541\Debug\Design01.a(Left_Eyebrow.o)
 .text.Left_Eyebrow_Stop
                0x00000000       0x10 .\CortexM3\ARM_GCC_541\Debug\Design01.a(Left_Eyebrow.o)
 .text.Left_Eyebrow_WriteCounter
                0x00000000        0xc .\CortexM3\ARM_GCC_541\Debug\Design01.a(Left_Eyebrow.o)
 .text.Left_Eyebrow_ReadCounter
                0x00000000       0x14 .\CortexM3\ARM_GCC_541\Debug\Design01.a(Left_Eyebrow.o)
 .text.Left_Eyebrow_WritePeriod
                0x00000000        0xc .\CortexM3\ARM_GCC_541\Debug\Design01.a(Left_Eyebrow.o)
 .text.Left_Eyebrow_WriteCompare1
                0x00000000        0xc .\CortexM3\ARM_GCC_541\Debug\Design01.a(Left_Eyebrow.o)
 .text.Left_Eyebrow_WriteCompare2
                0x00000000        0xc .\CortexM3\ARM_GCC_541\Debug\Design01.a(Left_Eyebrow.o)
 .text.Left_Eyebrow_SetInterruptMode
                0x00000000        0xc .\CortexM3\ARM_GCC_541\Debug\Design01.a(Left_Eyebrow.o)
 .text.Left_Eyebrow_ReadStatusRegister
                0x00000000        0xc .\CortexM3\ARM_GCC_541\Debug\Design01.a(Left_Eyebrow.o)
 .text.Left_Eyebrow_ReadControlRegister
                0x00000000        0xc .\CortexM3\ARM_GCC_541\Debug\Design01.a(Left_Eyebrow.o)
 .text.Left_Eyebrow_WriteControlRegister
                0x00000000        0xc .\CortexM3\ARM_GCC_541\Debug\Design01.a(Left_Eyebrow.o)
 .text.Left_Eyebrow_ReadCapture
                0x00000000        0xc .\CortexM3\ARM_GCC_541\Debug\Design01.a(Left_Eyebrow.o)
 .text.Left_Eyebrow_ClearFIFO
                0x00000000       0x14 .\CortexM3\ARM_GCC_541\Debug\Design01.a(Left_Eyebrow.o)
 .text.Left_Eyebrow_Init
                0x00000000       0x64 .\CortexM3\ARM_GCC_541\Debug\Design01.a(Left_Eyebrow.o)
 .text.Left_Eyebrow_Start
                0x00000000       0x1c .\CortexM3\ARM_GCC_541\Debug\Design01.a(Left_Eyebrow.o)
 .text.Left_Eyebrow_ReadCompare1
                0x00000000        0xc .\CortexM3\ARM_GCC_541\Debug\Design01.a(Left_Eyebrow.o)
 .text.Left_Eyebrow_ReadCompare2
                0x00000000        0xc .\CortexM3\ARM_GCC_541\Debug\Design01.a(Left_Eyebrow.o)
 .text.Left_Eyebrow_ReadPeriod
                0x00000000        0xc .\CortexM3\ARM_GCC_541\Debug\Design01.a(Left_Eyebrow.o)
 .text          0x00000000        0x0 .\CortexM3\ARM_GCC_541\Debug\Design01.a(Right_Eyebrow.o)
 .data          0x00000000        0x0 .\CortexM3\ARM_GCC_541\Debug\Design01.a(Right_Eyebrow.o)
 .text.Right_Eyebrow_Stop
                0x00000000       0x10 .\CortexM3\ARM_GCC_541\Debug\Design01.a(Right_Eyebrow.o)
 .text.Right_Eyebrow_ReadCounter
                0x00000000       0x14 .\CortexM3\ARM_GCC_541\Debug\Design01.a(Right_Eyebrow.o)
 .text.Right_Eyebrow_ReadControlRegister
                0x00000000        0xc .\CortexM3\ARM_GCC_541\Debug\Design01.a(Right_Eyebrow.o)
 .text.Right_Eyebrow_WriteControlRegister
                0x00000000        0xc .\CortexM3\ARM_GCC_541\Debug\Design01.a(Right_Eyebrow.o)
 .text.Right_Eyebrow_ReadCompare1
                0x00000000        0xc .\CortexM3\ARM_GCC_541\Debug\Design01.a(Right_Eyebrow.o)
 .text.Right_Eyebrow_ReadCompare2
                0x00000000        0xc .\CortexM3\ARM_GCC_541\Debug\Design01.a(Right_Eyebrow.o)
 .text.Right_Eyebrow_ReadPeriod
                0x00000000        0xc .\CortexM3\ARM_GCC_541\Debug\Design01.a(Right_Eyebrow.o)
 .text          0x00000000        0x0 .\CortexM3\ARM_GCC_541\Debug\Design01.a(Eyelid.o)
 .data          0x00000000        0x0 .\CortexM3\ARM_GCC_541\Debug\Design01.a(Eyelid.o)
 .bss           0x00000000        0x1 .\CortexM3\ARM_GCC_541\Debug\Design01.a(Eyelid.o)
 .text.Eyelid_Enable
                0x00000000       0x10 .\CortexM3\ARM_GCC_541\Debug\Design01.a(Eyelid.o)
 .text.Eyelid_Stop
                0x00000000       0x10 .\CortexM3\ARM_GCC_541\Debug\Design01.a(Eyelid.o)
 .text.Eyelid_WriteCounter
                0x00000000        0xc .\CortexM3\ARM_GCC_541\Debug\Design01.a(Eyelid.o)
 .text.Eyelid_ReadCounter
                0x00000000       0x14 .\CortexM3\ARM_GCC_541\Debug\Design01.a(Eyelid.o)
 .text.Eyelid_WritePeriod
                0x00000000        0xc .\CortexM3\ARM_GCC_541\Debug\Design01.a(Eyelid.o)
 .text.Eyelid_WriteCompare1
                0x00000000        0xc .\CortexM3\ARM_GCC_541\Debug\Design01.a(Eyelid.o)
 .text.Eyelid_WriteCompare2
                0x00000000        0xc .\CortexM3\ARM_GCC_541\Debug\Design01.a(Eyelid.o)
 .text.Eyelid_SetInterruptMode
                0x00000000        0xc .\CortexM3\ARM_GCC_541\Debug\Design01.a(Eyelid.o)
 .text.Eyelid_ReadStatusRegister
                0x00000000        0xc .\CortexM3\ARM_GCC_541\Debug\Design01.a(Eyelid.o)
 .text.Eyelid_ReadControlRegister
                0x00000000        0xc .\CortexM3\ARM_GCC_541\Debug\Design01.a(Eyelid.o)
 .text.Eyelid_WriteControlRegister
                0x00000000        0xc .\CortexM3\ARM_GCC_541\Debug\Design01.a(Eyelid.o)
 .text.Eyelid_ReadCapture
                0x00000000        0xc .\CortexM3\ARM_GCC_541\Debug\Design01.a(Eyelid.o)
 .text.Eyelid_ClearFIFO
                0x00000000       0x14 .\CortexM3\ARM_GCC_541\Debug\Design01.a(Eyelid.o)
 .text.Eyelid_Init
                0x00000000       0x64 .\CortexM3\ARM_GCC_541\Debug\Design01.a(Eyelid.o)
 .text.Eyelid_Start
                0x00000000       0x1c .\CortexM3\ARM_GCC_541\Debug\Design01.a(Eyelid.o)
 .text.Eyelid_ReadCompare1
                0x00000000        0xc .\CortexM3\ARM_GCC_541\Debug\Design01.a(Eyelid.o)
 .text.Eyelid_ReadCompare2
                0x00000000        0xc .\CortexM3\ARM_GCC_541\Debug\Design01.a(Eyelid.o)
 .text.Eyelid_ReadPeriod
                0x00000000        0xc .\CortexM3\ARM_GCC_541\Debug\Design01.a(Eyelid.o)
 .text          0x00000000        0x0 .\CortexM3\ARM_GCC_541\Debug\Design01.a(BaseAndJaw.o)
 .data          0x00000000        0x0 .\CortexM3\ARM_GCC_541\Debug\Design01.a(BaseAndJaw.o)
 .text.BaseAndJaw_Stop
                0x00000000       0x10 .\CortexM3\ARM_GCC_541\Debug\Design01.a(BaseAndJaw.o)
 .text.BaseAndJaw_ReadCounter
                0x00000000       0x14 .\CortexM3\ARM_GCC_541\Debug\Design01.a(BaseAndJaw.o)
 .text.BaseAndJaw_ReadControlRegister
                0x00000000        0xc .\CortexM3\ARM_GCC_541\Debug\Design01.a(BaseAndJaw.o)
 .text.BaseAndJaw_WriteControlRegister
                0x00000000        0xc .\CortexM3\ARM_GCC_541\Debug\Design01.a(BaseAndJaw.o)
 .text.BaseAndJaw_ReadCompare1
                0x00000000        0xc .\CortexM3\ARM_GCC_541\Debug\Design01.a(BaseAndJaw.o)
 .text.BaseAndJaw_ReadCompare2
                0x00000000        0xc .\CortexM3\ARM_GCC_541\Debug\Design01.a(BaseAndJaw.o)
 .text.BaseAndJaw_ReadPeriod
                0x00000000        0xc .\CortexM3\ARM_GCC_541\Debug\Design01.a(BaseAndJaw.o)
 .text          0x00000000        0x0 .\CortexM3\ARM_GCC_541\Debug\Design01.a(Lips.o)
 .data          0x00000000        0x0 .\CortexM3\ARM_GCC_541\Debug\Design01.a(Lips.o)
 .bss           0x00000000        0x1 .\CortexM3\ARM_GCC_541\Debug\Design01.a(Lips.o)
 .text.Lips_Enable
                0x00000000       0x10 .\CortexM3\ARM_GCC_541\Debug\Design01.a(Lips.o)
 .text.Lips_Stop
                0x00000000       0x10 .\CortexM3\ARM_GCC_541\Debug\Design01.a(Lips.o)
 .text.Lips_WriteCounter
                0x00000000        0xc .\CortexM3\ARM_GCC_541\Debug\Design01.a(Lips.o)
 .text.Lips_ReadCounter
                0x00000000       0x14 .\CortexM3\ARM_GCC_541\Debug\Design01.a(Lips.o)
 .text.Lips_WritePeriod
                0x00000000        0xc .\CortexM3\ARM_GCC_541\Debug\Design01.a(Lips.o)
 .text.Lips_WriteCompare1
                0x00000000        0xc .\CortexM3\ARM_GCC_541\Debug\Design01.a(Lips.o)
 .text.Lips_WriteCompare2
                0x00000000        0xc .\CortexM3\ARM_GCC_541\Debug\Design01.a(Lips.o)
 .text.Lips_SetInterruptMode
                0x00000000        0xc .\CortexM3\ARM_GCC_541\Debug\Design01.a(Lips.o)
 .text.Lips_ReadStatusRegister
                0x00000000        0xc .\CortexM3\ARM_GCC_541\Debug\Design01.a(Lips.o)
 .text.Lips_ReadControlRegister
                0x00000000        0xc .\CortexM3\ARM_GCC_541\Debug\Design01.a(Lips.o)
 .text.Lips_WriteControlRegister
                0x00000000        0xc .\CortexM3\ARM_GCC_541\Debug\Design01.a(Lips.o)
 .text.Lips_ReadCapture
                0x00000000        0xc .\CortexM3\ARM_GCC_541\Debug\Design01.a(Lips.o)
 .text.Lips_ClearFIFO
                0x00000000       0x14 .\CortexM3\ARM_GCC_541\Debug\Design01.a(Lips.o)
 .text.Lips_Init
                0x00000000       0x64 .\CortexM3\ARM_GCC_541\Debug\Design01.a(Lips.o)
 .text.Lips_Start
                0x00000000       0x1c .\CortexM3\ARM_GCC_541\Debug\Design01.a(Lips.o)
 .text.Lips_ReadCompare1
                0x00000000        0xc .\CortexM3\ARM_GCC_541\Debug\Design01.a(Lips.o)
 .text.Lips_ReadCompare2
                0x00000000        0xc .\CortexM3\ARM_GCC_541\Debug\Design01.a(Lips.o)
 .text.Lips_ReadPeriod
                0x00000000        0xc .\CortexM3\ARM_GCC_541\Debug\Design01.a(Lips.o)
 .text          0x00000000        0x0 .\CortexM3\ARM_GCC_541\Debug\Design01.a(Neck.o)
 .data          0x00000000        0x0 .\CortexM3\ARM_GCC_541\Debug\Design01.a(Neck.o)
 .bss           0x00000000        0x1 .\CortexM3\ARM_GCC_541\Debug\Design01.a(Neck.o)
 .text.Neck_Enable
                0x00000000       0x10 .\CortexM3\ARM_GCC_541\Debug\Design01.a(Neck.o)
 .text.Neck_Stop
                0x00000000       0x10 .\CortexM3\ARM_GCC_541\Debug\Design01.a(Neck.o)
 .text.Neck_WriteCounter
                0x00000000        0xc .\CortexM3\ARM_GCC_541\Debug\Design01.a(Neck.o)
 .text.Neck_ReadCounter
                0x00000000       0x14 .\CortexM3\ARM_GCC_541\Debug\Design01.a(Neck.o)
 .text.Neck_WritePeriod
                0x00000000        0xc .\CortexM3\ARM_GCC_541\Debug\Design01.a(Neck.o)
 .text.Neck_WriteCompare1
                0x00000000        0xc .\CortexM3\ARM_GCC_541\Debug\Design01.a(Neck.o)
 .text.Neck_WriteCompare2
                0x00000000        0xc .\CortexM3\ARM_GCC_541\Debug\Design01.a(Neck.o)
 .text.Neck_SetInterruptMode
                0x00000000        0xc .\CortexM3\ARM_GCC_541\Debug\Design01.a(Neck.o)
 .text.Neck_ReadStatusRegister
                0x00000000        0xc .\CortexM3\ARM_GCC_541\Debug\Design01.a(Neck.o)
 .text.Neck_ReadControlRegister
                0x00000000        0xc .\CortexM3\ARM_GCC_541\Debug\Design01.a(Neck.o)
 .text.Neck_WriteControlRegister
                0x00000000        0xc .\CortexM3\ARM_GCC_541\Debug\Design01.a(Neck.o)
 .text.Neck_ReadCapture
                0x00000000        0xc .\CortexM3\ARM_GCC_541\Debug\Design01.a(Neck.o)
 .text.Neck_ClearFIFO
                0x00000000       0x14 .\CortexM3\ARM_GCC_541\Debug\Design01.a(Neck.o)
 .text.Neck_Init
                0x00000000       0x64 .\CortexM3\ARM_GCC_541\Debug\Design01.a(Neck.o)
 .text.Neck_Start
                0x00000000       0x1c .\CortexM3\ARM_GCC_541\Debug\Design01.a(Neck.o)
 .text.Neck_ReadCompare1
                0x00000000        0xc .\CortexM3\ARM_GCC_541\Debug\Design01.a(Neck.o)
 .text.Neck_ReadCompare2
                0x00000000        0xc .\CortexM3\ARM_GCC_541\Debug\Design01.a(Neck.o)
 .text.Neck_ReadPeriod
                0x00000000        0xc .\CortexM3\ARM_GCC_541\Debug\Design01.a(Neck.o)
 .text          0x00000000        0x0 .\CortexM3\ARM_GCC_541\Debug\Design01.a(Left_Eyeball.o)
 .data          0x00000000        0x0 .\CortexM3\ARM_GCC_541\Debug\Design01.a(Left_Eyeball.o)
 .bss           0x00000000        0x1 .\CortexM3\ARM_GCC_541\Debug\Design01.a(Left_Eyeball.o)
 .text.Left_Eyeball_Enable
                0x00000000       0x10 .\CortexM3\ARM_GCC_541\Debug\Design01.a(Left_Eyeball.o)
 .text.Left_Eyeball_Stop
                0x00000000       0x10 .\CortexM3\ARM_GCC_541\Debug\Design01.a(Left_Eyeball.o)
 .text.Left_Eyeball_WriteCounter
                0x00000000        0xc .\CortexM3\ARM_GCC_541\Debug\Design01.a(Left_Eyeball.o)
 .text.Left_Eyeball_ReadCounter
                0x00000000       0x14 .\CortexM3\ARM_GCC_541\Debug\Design01.a(Left_Eyeball.o)
 .text.Left_Eyeball_WritePeriod
                0x00000000        0xc .\CortexM3\ARM_GCC_541\Debug\Design01.a(Left_Eyeball.o)
 .text.Left_Eyeball_WriteCompare1
                0x00000000        0xc .\CortexM3\ARM_GCC_541\Debug\Design01.a(Left_Eyeball.o)
 .text.Left_Eyeball_WriteCompare2
                0x00000000        0xc .\CortexM3\ARM_GCC_541\Debug\Design01.a(Left_Eyeball.o)
 .text.Left_Eyeball_SetInterruptMode
                0x00000000        0xc .\CortexM3\ARM_GCC_541\Debug\Design01.a(Left_Eyeball.o)
 .text.Left_Eyeball_ReadStatusRegister
                0x00000000        0xc .\CortexM3\ARM_GCC_541\Debug\Design01.a(Left_Eyeball.o)
 .text.Left_Eyeball_ReadControlRegister
                0x00000000        0xc .\CortexM3\ARM_GCC_541\Debug\Design01.a(Left_Eyeball.o)
 .text.Left_Eyeball_WriteControlRegister
                0x00000000        0xc .\CortexM3\ARM_GCC_541\Debug\Design01.a(Left_Eyeball.o)
 .text.Left_Eyeball_ReadCapture
                0x00000000        0xc .\CortexM3\ARM_GCC_541\Debug\Design01.a(Left_Eyeball.o)
 .text.Left_Eyeball_ClearFIFO
                0x00000000       0x14 .\CortexM3\ARM_GCC_541\Debug\Design01.a(Left_Eyeball.o)
 .text.Left_Eyeball_Init
                0x00000000       0x64 .\CortexM3\ARM_GCC_541\Debug\Design01.a(Left_Eyeball.o)
 .text.Left_Eyeball_Start
                0x00000000       0x1c .\CortexM3\ARM_GCC_541\Debug\Design01.a(Left_Eyeball.o)
 .text.Left_Eyeball_ReadCompare1
                0x00000000        0xc .\CortexM3\ARM_GCC_541\Debug\Design01.a(Left_Eyeball.o)
 .text.Left_Eyeball_ReadCompare2
                0x00000000        0xc .\CortexM3\ARM_GCC_541\Debug\Design01.a(Left_Eyeball.o)
 .text.Left_Eyeball_ReadPeriod
                0x00000000        0xc .\CortexM3\ARM_GCC_541\Debug\Design01.a(Left_Eyeball.o)
 .data          0x00000000        0x0 .\CortexM3\ARM_GCC_541\Debug\Design01.a(CyBootAsmGnu.o)
 .bss           0x00000000        0x0 .\CortexM3\ARM_GCC_541\Debug\Design01.a(CyBootAsmGnu.o)
 .text          0x00000000        0x0 .\CortexM3\ARM_GCC_541\Debug\Design01.a(CyFlash.o)
 .data          0x00000000        0x0 .\CortexM3\ARM_GCC_541\Debug\Design01.a(CyFlash.o)
 .bss           0x00000000        0x0 .\CortexM3\ARM_GCC_541\Debug\Design01.a(CyFlash.o)
 .text.CyFlashGetSpcAlgorithm
                0x00000000       0x4c .\CortexM3\ARM_GCC_541\Debug\Design01.a(CyFlash.o)
 .text.CySetTempInt
                0x00000000       0x60 .\CortexM3\ARM_GCC_541\Debug\Design01.a(CyFlash.o)
 .text.CyFlash_Start
                0x00000000       0x54 .\CortexM3\ARM_GCC_541\Debug\Design01.a(CyFlash.o)
 .text.CyFlash_Stop
                0x00000000       0x24 .\CortexM3\ARM_GCC_541\Debug\Design01.a(CyFlash.o)
 .text.CySetTemp
                0x00000000       0x14 .\CortexM3\ARM_GCC_541\Debug\Design01.a(CyFlash.o)
 .text.CySetFlashEEBuffer
                0x00000000       0x20 .\CortexM3\ARM_GCC_541\Debug\Design01.a(CyFlash.o)
 .text.CyWriteRowFull
                0x00000000       0xf8 .\CortexM3\ARM_GCC_541\Debug\Design01.a(CyFlash.o)
 .text.CyWriteRowData
                0x00000000       0x14 .\CortexM3\ARM_GCC_541\Debug\Design01.a(CyFlash.o)
 .text.CyFlash_SetWaitCycles
                0x00000000       0x7c .\CortexM3\ARM_GCC_541\Debug\Design01.a(CyFlash.o)
 .text.CyEEPROM_Start
                0x00000000       0x54 .\CortexM3\ARM_GCC_541\Debug\Design01.a(CyFlash.o)
 .text.CyEEPROM_Stop
                0x00000000       0x24 .\CortexM3\ARM_GCC_541\Debug\Design01.a(CyFlash.o)
 .text.CyEEPROM_ReadReserve
                0x00000000       0x1c .\CortexM3\ARM_GCC_541\Debug\Design01.a(CyFlash.o)
 .text.CyEEPROM_ReadRelease
                0x00000000       0x10 .\CortexM3\ARM_GCC_541\Debug\Design01.a(CyFlash.o)
 COMMON         0x00000000        0x2 .\CortexM3\ARM_GCC_541\Debug\Design01.a(CyFlash.o)
 .text          0x00000000        0x0 .\CortexM3\ARM_GCC_541\Debug\Design01.a(CySpc.o)
 .data          0x00000000        0x0 .\CortexM3\ARM_GCC_541\Debug\Design01.a(CySpc.o)
 .bss           0x00000000        0x8 .\CortexM3\ARM_GCC_541\Debug\Design01.a(CySpc.o)
 .text.CySpcStart
                0x00000000       0x24 .\CortexM3\ARM_GCC_541\Debug\Design01.a(CySpc.o)
 .text.CySpcStop
                0x00000000       0x24 .\CortexM3\ARM_GCC_541\Debug\Design01.a(CySpc.o)
 .text.CySpcReadData
                0x00000000       0x34 .\CortexM3\ARM_GCC_541\Debug\Design01.a(CySpc.o)
 .text.CySpcLoadMultiByte
                0x00000000       0x78 .\CortexM3\ARM_GCC_541\Debug\Design01.a(CySpc.o)
 .text.CySpcLoadRow
                0x00000000       0x50 .\CortexM3\ARM_GCC_541\Debug\Design01.a(CySpc.o)
 .text.CySpcLoadRowFull
                0x00000000       0x80 .\CortexM3\ARM_GCC_541\Debug\Design01.a(CySpc.o)
 .text.CySpcWriteRow
                0x00000000       0x4c .\CortexM3\ARM_GCC_541\Debug\Design01.a(CySpc.o)
 .text.CySpcEraseSector
                0x00000000       0x3c .\CortexM3\ARM_GCC_541\Debug\Design01.a(CySpc.o)
 .text.CySpcGetTemp
                0x00000000       0x3c .\CortexM3\ARM_GCC_541\Debug\Design01.a(CySpc.o)
 .text.CySpcLock
                0x00000000       0x4c .\CortexM3\ARM_GCC_541\Debug\Design01.a(CySpc.o)
 .text.CySpcUnlock
                0x00000000       0x38 .\CortexM3\ARM_GCC_541\Debug\Design01.a(CySpc.o)
 .text.CySpcGetAlgorithm
                0x00000000       0x28 .\CortexM3\ARM_GCC_541\Debug\Design01.a(CySpc.o)
 .text          0x00000000        0x0 c:/program files (x86)/cypress/psoc creator/4.1/psoc creator/import/gnu/arm/5.4.1/bin/../lib/gcc/arm-none-eabi/5.4.1/../../../../arm-none-eabi/lib/armv7-m\libg_nano.a(lib_a-errno.o)
 .data          0x00000000        0x0 c:/program files (x86)/cypress/psoc creator/4.1/psoc creator/import/gnu/arm/5.4.1/bin/../lib/gcc/arm-none-eabi/5.4.1/../../../../arm-none-eabi/lib/armv7-m\libg_nano.a(lib_a-errno.o)
 .bss           0x00000000        0x0 c:/program files (x86)/cypress/psoc creator/4.1/psoc creator/import/gnu/arm/5.4.1/bin/../lib/gcc/arm-none-eabi/5.4.1/../../../../arm-none-eabi/lib/armv7-m\libg_nano.a(lib_a-errno.o)
 .text          0x00000000        0x0 c:/program files (x86)/cypress/psoc creator/4.1/psoc creator/import/gnu/arm/5.4.1/bin/../lib/gcc/arm-none-eabi/5.4.1/../../../../arm-none-eabi/lib/armv7-m\libg_nano.a(lib_a-exit.o)
 .data          0x00000000        0x0 c:/program files (x86)/cypress/psoc creator/4.1/psoc creator/import/gnu/arm/5.4.1/bin/../lib/gcc/arm-none-eabi/5.4.1/../../../../arm-none-eabi/lib/armv7-m\libg_nano.a(lib_a-exit.o)
 .bss           0x00000000        0x0 c:/program files (x86)/cypress/psoc creator/4.1/psoc creator/import/gnu/arm/5.4.1/bin/../lib/gcc/arm-none-eabi/5.4.1/../../../../arm-none-eabi/lib/armv7-m\libg_nano.a(lib_a-exit.o)
 .text.exit     0x00000000       0x28 c:/program files (x86)/cypress/psoc creator/4.1/psoc creator/import/gnu/arm/5.4.1/bin/../lib/gcc/arm-none-eabi/5.4.1/../../../../arm-none-eabi/lib/armv7-m\libg_nano.a(lib_a-exit.o)
 .text          0x00000000        0x0 c:/program files (x86)/cypress/psoc creator/4.1/psoc creator/import/gnu/arm/5.4.1/bin/../lib/gcc/arm-none-eabi/5.4.1/../../../../arm-none-eabi/lib/armv7-m\libg_nano.a(lib_a-impure.o)
 .data          0x00000000        0x0 c:/program files (x86)/cypress/psoc creator/4.1/psoc creator/import/gnu/arm/5.4.1/bin/../lib/gcc/arm-none-eabi/5.4.1/../../../../arm-none-eabi/lib/armv7-m\libg_nano.a(lib_a-impure.o)
 .bss           0x00000000        0x0 c:/program files (x86)/cypress/psoc creator/4.1/psoc creator/import/gnu/arm/5.4.1/bin/../lib/gcc/arm-none-eabi/5.4.1/../../../../arm-none-eabi/lib/armv7-m\libg_nano.a(lib_a-impure.o)
 .rodata._global_impure_ptr
                0x00000000        0x4 c:/program files (x86)/cypress/psoc creator/4.1/psoc creator/import/gnu/arm/5.4.1/bin/../lib/gcc/arm-none-eabi/5.4.1/../../../../arm-none-eabi/lib/armv7-m\libg_nano.a(lib_a-impure.o)
 .text          0x00000000        0x0 c:/program files (x86)/cypress/psoc creator/4.1/psoc creator/import/gnu/arm/5.4.1/bin/../lib/gcc/arm-none-eabi/5.4.1/../../../../arm-none-eabi/lib/armv7-m\libg_nano.a(lib_a-init.o)
 .data          0x00000000        0x0 c:/program files (x86)/cypress/psoc creator/4.1/psoc creator/import/gnu/arm/5.4.1/bin/../lib/gcc/arm-none-eabi/5.4.1/../../../../arm-none-eabi/lib/armv7-m\libg_nano.a(lib_a-init.o)
 .bss           0x00000000        0x0 c:/program files (x86)/cypress/psoc creator/4.1/psoc creator/import/gnu/arm/5.4.1/bin/../lib/gcc/arm-none-eabi/5.4.1/../../../../arm-none-eabi/lib/armv7-m\libg_nano.a(lib_a-init.o)
 .text          0x00000000        0x0 c:/program files (x86)/cypress/psoc creator/4.1/psoc creator/import/gnu/arm/5.4.1/bin/../lib/gcc/arm-none-eabi/5.4.1/../../../../arm-none-eabi/lib/armv7-m\libg_nano.a(lib_a-memcpy-stub.o)
 .data          0x00000000        0x0 c:/program files (x86)/cypress/psoc creator/4.1/psoc creator/import/gnu/arm/5.4.1/bin/../lib/gcc/arm-none-eabi/5.4.1/../../../../arm-none-eabi/lib/armv7-m\libg_nano.a(lib_a-memcpy-stub.o)
 .bss           0x00000000        0x0 c:/program files (x86)/cypress/psoc creator/4.1/psoc creator/import/gnu/arm/5.4.1/bin/../lib/gcc/arm-none-eabi/5.4.1/../../../../arm-none-eabi/lib/armv7-m\libg_nano.a(lib_a-memcpy-stub.o)
 .text          0x00000000        0x0 c:/program files (x86)/cypress/psoc creator/4.1/psoc creator/import/gnu/arm/5.4.1/bin/../lib/gcc/arm-none-eabi/5.4.1/../../../../arm-none-eabi/lib/armv7-m\libg_nano.a(lib_a-memset.o)
 .data          0x00000000        0x0 c:/program files (x86)/cypress/psoc creator/4.1/psoc creator/import/gnu/arm/5.4.1/bin/../lib/gcc/arm-none-eabi/5.4.1/../../../../arm-none-eabi/lib/armv7-m\libg_nano.a(lib_a-memset.o)
 .bss           0x00000000        0x0 c:/program files (x86)/cypress/psoc creator/4.1/psoc creator/import/gnu/arm/5.4.1/bin/../lib/gcc/arm-none-eabi/5.4.1/../../../../arm-none-eabi/lib/armv7-m\libg_nano.a(lib_a-memset.o)
 .text          0x00000000        0x0 c:/program files (x86)/cypress/psoc creator/4.1/psoc creator/import/gnu/arm/5.4.1/bin/../lib/gcc/arm-none-eabi/5.4.1/armv7-m/crtend.o
 .data          0x00000000        0x0 c:/program files (x86)/cypress/psoc creator/4.1/psoc creator/import/gnu/arm/5.4.1/bin/../lib/gcc/arm-none-eabi/5.4.1/armv7-m/crtend.o
 .bss           0x00000000        0x0 c:/program files (x86)/cypress/psoc creator/4.1/psoc creator/import/gnu/arm/5.4.1/bin/../lib/gcc/arm-none-eabi/5.4.1/armv7-m/crtend.o
 .text          0x00000000        0x0 c:/program files (x86)/cypress/psoc creator/4.1/psoc creator/import/gnu/arm/5.4.1/bin/../lib/gcc/arm-none-eabi/5.4.1/armv7-m/crtn.o
 .data          0x00000000        0x0 c:/program files (x86)/cypress/psoc creator/4.1/psoc creator/import/gnu/arm/5.4.1/bin/../lib/gcc/arm-none-eabi/5.4.1/armv7-m/crtn.o
 .bss           0x00000000        0x0 c:/program files (x86)/cypress/psoc creator/4.1/psoc creator/import/gnu/arm/5.4.1/bin/../lib/gcc/arm-none-eabi/5.4.1/armv7-m/crtn.o

Memory Configuration

Name             Origin             Length             Attributes
rom              0x00000000         0x00040000         xr
ram              0x1fff8000         0x00010000         xrw
*default*        0x00000000         0xffffffff

Linker script and memory map

LOAD c:/program files (x86)/cypress/psoc creator/4.1/psoc creator/import/gnu/arm/5.4.1/bin/../lib/gcc/arm-none-eabi/5.4.1/armv7-m/crti.o
LOAD c:/program files (x86)/cypress/psoc creator/4.1/psoc creator/import/gnu/arm/5.4.1/bin/../lib/gcc/arm-none-eabi/5.4.1/armv7-m/crtbegin.o
LOAD c:/program files (x86)/cypress/psoc creator/4.1/psoc creator/import/gnu/arm/5.4.1/bin/../lib/gcc/arm-none-eabi/5.4.1/../../../../arm-none-eabi/lib/armv7-m/crt0.o
START GROUP
LOAD .\CortexM3\ARM_GCC_541\Debug\main.o
LOAD .\CortexM3\ARM_GCC_541\Debug\cyfitter_cfg.o
LOAD .\CortexM3\ARM_GCC_541\Debug\cymetadata.o
LOAD .\CortexM3\ARM_GCC_541\Debug\Cm3Start.o
LOAD .\CortexM3\ARM_GCC_541\Debug\Design01.a
LOAD C:\Program Files (x86)\Cypress\PSoC Creator\4.1\PSoC Creator\psoc\content\cycomponentlibrary\CyComponentLibrary.cylib\CortexM3\ARM_GCC_541\Debug\CyComponentLibrary.a
END GROUP
START GROUP
LOAD c:/program files (x86)/cypress/psoc creator/4.1/psoc creator/import/gnu/arm/5.4.1/bin/../lib/gcc/arm-none-eabi/5.4.1/armv7-m\libgcc.a
LOAD c:/program files (x86)/cypress/psoc creator/4.1/psoc creator/import/gnu/arm/5.4.1/bin/../lib/gcc/arm-none-eabi/5.4.1/../../../../arm-none-eabi/lib/armv7-m\libg_nano.a
LOAD c:/program files (x86)/cypress/psoc creator/4.1/psoc creator/import/gnu/arm/5.4.1/bin/../lib/gcc/arm-none-eabi/5.4.1/../../../../arm-none-eabi/lib/armv7-m\libc_nano.a
END GROUP
START GROUP
LOAD c:/program files (x86)/cypress/psoc creator/4.1/psoc creator/import/gnu/arm/5.4.1/bin/../lib/gcc/arm-none-eabi/5.4.1/armv7-m\libgcc.a
LOAD c:/program files (x86)/cypress/psoc creator/4.1/psoc creator/import/gnu/arm/5.4.1/bin/../lib/gcc/arm-none-eabi/5.4.1/../../../../arm-none-eabi/lib/armv7-m\libc_nano.a
END GROUP
LOAD c:/program files (x86)/cypress/psoc creator/4.1/psoc creator/import/gnu/arm/5.4.1/bin/../lib/gcc/arm-none-eabi/5.4.1/armv7-m/crtend.o
LOAD c:/program files (x86)/cypress/psoc creator/4.1/psoc creator/import/gnu/arm/5.4.1/bin/../lib/gcc/arm-none-eabi/5.4.1/armv7-m/crtn.o
START GROUP
LOAD c:/program files (x86)/cypress/psoc creator/4.1/psoc creator/import/gnu/arm/5.4.1/bin/../lib/gcc/arm-none-eabi/5.4.1/armv7-m\libgcc.a
LOAD c:/program files (x86)/cypress/psoc creator/4.1/psoc creator/import/gnu/arm/5.4.1/bin/../lib/gcc/arm-none-eabi/5.4.1/../../../../arm-none-eabi/lib/armv7-m\libc.a
LOAD c:/program files (x86)/cypress/psoc creator/4.1/psoc creator/import/gnu/arm/5.4.1/bin/../lib/gcc/arm-none-eabi/5.4.1/../../../../arm-none-eabi/lib/armv7-m\libnosys.a
END GROUP
                0x00000000                CY_APPL_ORIGIN = 0x0
                0x00000100                CY_FLASH_ROW_SIZE = 0x100
                0x00000020                CY_ECC_ROW_SIZE = 0x20
                0x00000000                CY_EE_IN_BTLDR = 0x0
                0x00000000                CY_APPL_LOADABLE = 0x0
                0x00000800                CY_EE_SIZE = 0x800
                0x00000001                CY_APPL_NUM = 0x1
                0x00000001                CY_APPL_MAX = 0x1
                0x00000040                CY_METADATA_SIZE = 0x40
                0x00000000                CY_APPL_LOADABLE = 0x0
                0x00000000                CY_CHECKSUM_EXCLUDE_SIZE = ALIGN (0x0, CY_FLASH_ROW_SIZE)
                [!provide]                PROVIDE (__cy_heap_start, _end)
                0x00000001                PROVIDE (__cy_region_num, ((__cy_regions_end - __cy_regions) / 0x10))
                0x20008000                PROVIDE (__cy_stack, (ORIGIN (ram) + LENGTH (ram)))
                [!provide]                PROVIDE (__cy_heap_end, (__cy_stack - 0x800))

.cybootloader   0x00000000        0x0
 *(.cybootloader)
                0x00000000                appl1_start = CY_APPL_ORIGIN?CY_APPL_ORIGIN:ALIGN (CY_FLASH_ROW_SIZE)
                0x0001ff00                appl2_start = (appl1_start + ALIGN ((((LENGTH (rom) - appl1_start) - (0x2 * CY_FLASH_ROW_SIZE)) / 0x2), CY_FLASH_ROW_SIZE))
                0x00000000                appl_start = (CY_APPL_NUM == 0x1)?appl1_start:appl2_start
                0x00000000                ecc_offset = ((appl_start / CY_FLASH_ROW_SIZE) * CY_ECC_ROW_SIZE)
                0x00000000                ee_offset = (CY_APPL_LOADABLE && ! (CY_EE_IN_BTLDR))?((CY_EE_SIZE / CY_APPL_MAX) * (CY_APPL_NUM - 0x1)):0x0
                0x00000800                ee_size = (CY_APPL_LOADABLE && ! (CY_EE_IN_BTLDR))?(CY_EE_SIZE / CY_APPL_MAX):CY_EE_SIZE
                [!provide]                PROVIDE (CY_ECC_OFFSET, ecc_offset)

.text           0x00000000      0x6be
 CREATE_OBJECT_SYMBOLS
                0x00000000                PROVIDE (__cy_interrupt_vector, RomVectors)
 *(.romvectors)
 .romvectors    0x00000000       0x10 .\CortexM3\ARM_GCC_541\Debug\Cm3Start.o
                0x00000000                RomVectors
                0x00000001                ASSERT ((. != __cy_interrupt_vector), No interrupt vector)
                0x00000001                ASSERT (CY_APPL_ORIGIN?(SIZEOF (.cybootloader) <= CY_APPL_ORIGIN):0x1, Wrong image location)
                0x00000010                PROVIDE (__cy_reset, Reset)
 *(.text.Reset)
 .text.Reset    0x00000010       0x18 .\CortexM3\ARM_GCC_541\Debug\Cm3Start.o
                0x00000010                Reset
                0x00000001                ASSERT ((. != __cy_reset), No reset code)
 *(.dma_init)
                0x00000001                ASSERT ((((appl_start + .) <= 0x10000) || 0x1), DMA Init must be within the first 64k of flash)
 *(.text .text.* .gnu.linkonce.t.*)
 .text          0x00000028       0x5c c:/program files (x86)/cypress/psoc creator/4.1/psoc creator/import/gnu/arm/5.4.1/bin/../lib/gcc/arm-none-eabi/5.4.1/armv7-m/crtbegin.o
 .text.eyebrow_init
                0x00000084        0xc .\CortexM3\ARM_GCC_541\Debug\main.o
                0x00000084                eyebrow_init
 .text.baseturn
                0x00000090       0x38 .\CortexM3\ARM_GCC_541\Debug\main.o
                0x00000090                baseturn
 .text.main     0x000000c8       0x1c .\CortexM3\ARM_GCC_541\Debug\main.o
                0x000000c8                main
 .text.CyClockStartupError
                0x000000e4        0x4 .\CortexM3\ARM_GCC_541\Debug\cyfitter_cfg.o
 .text.cfg_write_bytes32
                0x000000e8       0x34 .\CortexM3\ARM_GCC_541\Debug\cyfitter_cfg.o
 .text.AnalogSetDefault
                0x0000011c       0x28 .\CortexM3\ARM_GCC_541\Debug\cyfitter_cfg.o
 .text.CYMEMZERO
                0x00000144        0xc .\CortexM3\ARM_GCC_541\Debug\cyfitter_cfg.o
 .text.ClockSetup
                0x00000150       0xf8 .\CortexM3\ARM_GCC_541\Debug\cyfitter_cfg.o
 .text.CYCONFIGCPY
                0x00000248        0x8 .\CortexM3\ARM_GCC_541\Debug\cyfitter_cfg.o
 .text.cyfitter_cfg
                0x00000250       0xf0 .\CortexM3\ARM_GCC_541\Debug\cyfitter_cfg.o
                0x00000250                cyfitter_cfg
 .text.IntDefaultHandler
                0x00000340       0x10 .\CortexM3\ARM_GCC_541\Debug\Cm3Start.o
                0x00000340                IntDefaultHandler
 .text.Start_c  0x00000350       0x4c .\CortexM3\ARM_GCC_541\Debug\Cm3Start.o
                0x00000350                Start_c
 .text.initialize_psoc
                0x0000039c       0x68 .\CortexM3\ARM_GCC_541\Debug\Cm3Start.o
                0x0000039c                initialize_psoc
 .text.CyDelay  0x00000404       0x2c .\CortexM3\ARM_GCC_541\Debug\Design01.a(CyLib.o)
                0x00000404                CyDelay
 .text.Right_Eyebrow_Enable
                0x00000430       0x10 .\CortexM3\ARM_GCC_541\Debug\Design01.a(Right_Eyebrow.o)
                0x00000430                Right_Eyebrow_Enable
 .text.Right_Eyebrow_WriteCounter
                0x00000440        0xc .\CortexM3\ARM_GCC_541\Debug\Design01.a(Right_Eyebrow.o)
                0x00000440                Right_Eyebrow_WriteCounter
 .text.Right_Eyebrow_WritePeriod
                0x0000044c        0xc .\CortexM3\ARM_GCC_541\Debug\Design01.a(Right_Eyebrow.o)
                0x0000044c                Right_Eyebrow_WritePeriod
 .text.Right_Eyebrow_WriteCompare1
                0x00000458        0xc .\CortexM3\ARM_GCC_541\Debug\Design01.a(Right_Eyebrow.o)
                0x00000458                Right_Eyebrow_WriteCompare1
 .text.Right_Eyebrow_WriteCompare2
                0x00000464        0xc .\CortexM3\ARM_GCC_541\Debug\Design01.a(Right_Eyebrow.o)
                0x00000464                Right_Eyebrow_WriteCompare2
 .text.Right_Eyebrow_SetInterruptMode
                0x00000470        0xc .\CortexM3\ARM_GCC_541\Debug\Design01.a(Right_Eyebrow.o)
                0x00000470                Right_Eyebrow_SetInterruptMode
 .text.Right_Eyebrow_ReadStatusRegister
                0x0000047c        0xc .\CortexM3\ARM_GCC_541\Debug\Design01.a(Right_Eyebrow.o)
                0x0000047c                Right_Eyebrow_ReadStatusRegister
 .text.Right_Eyebrow_ReadCapture
                0x00000488        0xc .\CortexM3\ARM_GCC_541\Debug\Design01.a(Right_Eyebrow.o)
                0x00000488                Right_Eyebrow_ReadCapture
 .text.Right_Eyebrow_ClearFIFO
                0x00000494       0x14 .\CortexM3\ARM_GCC_541\Debug\Design01.a(Right_Eyebrow.o)
                0x00000494                Right_Eyebrow_ClearFIFO
 .text.Right_Eyebrow_Init
                0x000004a8       0x64 .\CortexM3\ARM_GCC_541\Debug\Design01.a(Right_Eyebrow.o)
                0x000004a8                Right_Eyebrow_Init
 .text.Right_Eyebrow_Start
                0x0000050c       0x1c .\CortexM3\ARM_GCC_541\Debug\Design01.a(Right_Eyebrow.o)
                0x0000050c                Right_Eyebrow_Start
 .text.BaseAndJaw_Enable
                0x00000528       0x10 .\CortexM3\ARM_GCC_541\Debug\Design01.a(BaseAndJaw.o)
                0x00000528                BaseAndJaw_Enable
 .text.BaseAndJaw_WriteCounter
                0x00000538        0xc .\CortexM3\ARM_GCC_541\Debug\Design01.a(BaseAndJaw.o)
                0x00000538                BaseAndJaw_WriteCounter
 .text.BaseAndJaw_WritePeriod
                0x00000544        0xc .\CortexM3\ARM_GCC_541\Debug\Design01.a(BaseAndJaw.o)
                0x00000544                BaseAndJaw_WritePeriod
 .text.BaseAndJaw_WriteCompare1
                0x00000550        0xc .\CortexM3\ARM_GCC_541\Debug\Design01.a(BaseAndJaw.o)
                0x00000550                BaseAndJaw_WriteCompare1
 .text.BaseAndJaw_WriteCompare2
                0x0000055c        0xc .\CortexM3\ARM_GCC_541\Debug\Design01.a(BaseAndJaw.o)
                0x0000055c                BaseAndJaw_WriteCompare2
 .text.BaseAndJaw_SetInterruptMode
                0x00000568        0xc .\CortexM3\ARM_GCC_541\Debug\Design01.a(BaseAndJaw.o)
                0x00000568                BaseAndJaw_SetInterruptMode
 .text.BaseAndJaw_ReadStatusRegister
                0x00000574        0xc .\CortexM3\ARM_GCC_541\Debug\Design01.a(BaseAndJaw.o)
                0x00000574                BaseAndJaw_ReadStatusRegister
 .text.BaseAndJaw_ReadCapture
                0x00000580        0xc .\CortexM3\ARM_GCC_541\Debug\Design01.a(BaseAndJaw.o)
                0x00000580                BaseAndJaw_ReadCapture
 .text.BaseAndJaw_ClearFIFO
                0x0000058c       0x14 .\CortexM3\ARM_GCC_541\Debug\Design01.a(BaseAndJaw.o)
                0x0000058c                BaseAndJaw_ClearFIFO
 .text.BaseAndJaw_Init
                0x000005a0       0x64 .\CortexM3\ARM_GCC_541\Debug\Design01.a(BaseAndJaw.o)
                0x000005a0                BaseAndJaw_Init
 .text.BaseAndJaw_Start
                0x00000604       0x1c .\CortexM3\ARM_GCC_541\Debug\Design01.a(BaseAndJaw.o)
                0x00000604                BaseAndJaw_Start
 .text          0x00000620       0x20 .\CortexM3\ARM_GCC_541\Debug\Design01.a(CyBootAsmGnu.o)
                0x00000620                CyDelayCycles
                0x00000630                CyEnterCriticalSection
                0x00000638                CyExitCriticalSection
 .text.__errno  0x00000640        0xc c:/program files (x86)/cypress/psoc creator/4.1/psoc creator/import/gnu/arm/5.4.1/bin/../lib/gcc/arm-none-eabi/5.4.1/../../../../arm-none-eabi/lib/armv7-m\libg_nano.a(lib_a-errno.o)
                0x00000640                __errno
 .text.__libc_init_array
                0x0000064c       0x4c c:/program files (x86)/cypress/psoc creator/4.1/psoc creator/import/gnu/arm/5.4.1/bin/../lib/gcc/arm-none-eabi/5.4.1/../../../../arm-none-eabi/lib/armv7-m\libg_nano.a(lib_a-init.o)
                0x0000064c                __libc_init_array
 .text.memcpy   0x00000698       0x16 c:/program files (x86)/cypress/psoc creator/4.1/psoc creator/import/gnu/arm/5.4.1/bin/../lib/gcc/arm-none-eabi/5.4.1/../../../../arm-none-eabi/lib/armv7-m\libg_nano.a(lib_a-memcpy-stub.o)
                0x00000698                memcpy
 .text.memset   0x000006ae       0x10 c:/program files (x86)/cypress/psoc creator/4.1/psoc creator/import/gnu/arm/5.4.1/bin/../lib/gcc/arm-none-eabi/5.4.1/../../../../arm-none-eabi/lib/armv7-m\libg_nano.a(lib_a-memset.o)
                0x000006ae                memset
 *(.plt)
 *(.gnu.warning)
 *(.glue_7t)
 .glue_7t       0x000006be        0x0 linker stubs
 *(.glue_7)
 .glue_7        0x000006be        0x0 linker stubs
 *(.vfp11_veneer)
 .vfp11_veneer  0x000006be        0x0 linker stubs
 *(.bootloader)
 *(.ARM.extab* .gnu.linkonce.armextab.*)
 *(.gcc_except_table)

.v4_bx          0x000006c0        0x0
 .v4_bx         0x000006c0        0x0 linker stubs

.iplt           0x000006c0        0x0
 .iplt          0x000006c0        0x0 c:/program files (x86)/cypress/psoc creator/4.1/psoc creator/import/gnu/arm/5.4.1/bin/../lib/gcc/arm-none-eabi/5.4.1/armv7-m/crtbegin.o

.eh_frame_hdr
 *(.eh_frame_hdr)

.eh_frame       0x000006c0        0x4
 *(.eh_frame)
 .eh_frame      0x000006c0        0x0 c:/program files (x86)/cypress/psoc creator/4.1/psoc creator/import/gnu/arm/5.4.1/bin/../lib/gcc/arm-none-eabi/5.4.1/armv7-m/crtbegin.o
 .eh_frame      0x000006c0        0x4 c:/program files (x86)/cypress/psoc creator/4.1/psoc creator/import/gnu/arm/5.4.1/bin/../lib/gcc/arm-none-eabi/5.4.1/armv7-m/crtend.o
                [!provide]                PROVIDE (__exidx_start, .)

.ARM.exidx
 *(.ARM.exidx* .gnu.linkonce.armexidx.*)
                0x000006c4                __exidx_end = .

.rodata         0x000006c4       0x6c
 *(.rodata .rodata.* .gnu.linkonce.r.*)
 .rodata        0x000006c4       0x30 .\CortexM3\ARM_GCC_541\Debug\cyfitter_cfg.o
 .rodata.str1.1
                0x000006f4        0x2 c:/program files (x86)/cypress/psoc creator/4.1/psoc creator/import/gnu/arm/5.4.1/bin/../lib/gcc/arm-none-eabi/5.4.1/../../../../arm-none-eabi/lib/armv7-m\libg_nano.a(lib_a-impure.o)
                0x000006f8                . = ALIGN (0x4)
 *fill*         0x000006f6        0x2 
 *(.init)
 .init          0x000006f8        0x4 c:/program files (x86)/cypress/psoc creator/4.1/psoc creator/import/gnu/arm/5.4.1/bin/../lib/gcc/arm-none-eabi/5.4.1/armv7-m/crti.o
                0x000006f8                _init
 .init          0x000006fc        0x8 c:/program files (x86)/cypress/psoc creator/4.1/psoc creator/import/gnu/arm/5.4.1/bin/../lib/gcc/arm-none-eabi/5.4.1/armv7-m/crtn.o
                0x00000704                . = ALIGN (0x4)
                0x00000704                __preinit_array_start = .
 *(.preinit_array)
                0x00000704                __preinit_array_end = .
                0x00000704                . = ALIGN (0x4)
                0x00000704                __init_array_start = .
 *(SORT(.init_array.*))
 *(.init_array)
 .init_array    0x00000704        0x4 c:/program files (x86)/cypress/psoc creator/4.1/psoc creator/import/gnu/arm/5.4.1/bin/../lib/gcc/arm-none-eabi/5.4.1/armv7-m/crtbegin.o
 .init_array    0x00000708        0x4 .\CortexM3\ARM_GCC_541\Debug\Cm3Start.o
                0x0000070c                __init_array_end = .
                0x0000070c                . = ALIGN (0x4)
 *(.fini)
 .fini          0x0000070c        0x4 c:/program files (x86)/cypress/psoc creator/4.1/psoc creator/import/gnu/arm/5.4.1/bin/../lib/gcc/arm-none-eabi/5.4.1/armv7-m/crti.o
                0x0000070c                _fini
 .fini          0x00000710        0x8 c:/program files (x86)/cypress/psoc creator/4.1/psoc creator/import/gnu/arm/5.4.1/bin/../lib/gcc/arm-none-eabi/5.4.1/armv7-m/crtn.o
                0x00000718                . = ALIGN (0x4)
                0x00000718                __fini_array_start = .
 *(.fini_array)
 .fini_array    0x00000718        0x4 c:/program files (x86)/cypress/psoc creator/4.1/psoc creator/import/gnu/arm/5.4.1/bin/../lib/gcc/arm-none-eabi/5.4.1/armv7-m/crtbegin.o
 *(SORT(.fini_array.*))
                0x0000071c                __fini_array_end = .
                0x0000071c                . = ALIGN (0x4)
 *crtbegin.o(.ctors)
 *(EXCLUDE_FILE(*crtend.o) .ctors)
 *(SORT(.ctors.*))
 *crtend.o(.ctors)
                0x0000071c                . = ALIGN (0x4)
 *crtbegin.o(.dtors)
 *(EXCLUDE_FILE(*crtend.o) .dtors)
 *(SORT(.dtors.*))
 *crtend.o(.dtors)
                0x0000071c                . = ALIGN (0x4)
                0x0000071c                __cy_regions = .
                0x0000071c        0x4 LONG 0x730 __cy_region_init_ram
                0x00000720        0x4 LONG 0x1fff80c8 __cy_region_start_data
                0x00000724        0x4 LONG 0x78 __cy_region_init_size_ram
                0x00000728        0x4 LONG 0x20 __cy_region_zero_size_ram
                0x0000072c                __cy_regions_end = .
                0x00000730                . = ALIGN (0x8)
 *fill*         0x0000072c        0x4 
                0x00000730                _etext = .

.cy_checksum_exclude
                0x00000730        0x0
 *(.cy_checksum_exclude)

.ramvectors     0x1fff8000       0xc0
                0x1fff8000                __cy_region_start_ram = .
 *(.ramvectors)
 .ramvectors    0x1fff8000       0xc0 .\CortexM3\ARM_GCC_541\Debug\Cm3Start.o
                0x1fff8000                CyRamVectors

.noinit         0x1fff80c0        0x1
 *(.noinit)
 .noinit        0x1fff80c0        0x1 .\CortexM3\ARM_GCC_541\Debug\Design01.a(CyLib.o)
                0x1fff80c0                CyResetStatus

.data           0x1fff80c8       0x78 load address 0x00000730
                0x1fff80c8                __cy_region_start_data = .
 *(.jcr)
 .jcr           0x1fff80c8        0x0 c:/program files (x86)/cypress/psoc creator/4.1/psoc creator/import/gnu/arm/5.4.1/bin/../lib/gcc/arm-none-eabi/5.4.1/armv7-m/crtbegin.o
 .jcr           0x1fff80c8        0x4 c:/program files (x86)/cypress/psoc creator/4.1/psoc creator/import/gnu/arm/5.4.1/bin/../lib/gcc/arm-none-eabi/5.4.1/armv7-m/crtend.o
 *(.got.plt)
 *(.got)
 *(.shdata)
 *(.data .data.* .gnu.linkonce.d.*)
 .data          0x1fff80cc       0x10 .\CortexM3\ARM_GCC_541\Debug\Design01.a(CyLib.o)
                0x1fff80cc                cydelay_32k_ms
                0x1fff80d0                cydelay_freq_khz
                0x1fff80d4                cydelay_freq_mhz
                0x1fff80d8                cydelay_freq_hz
 .data.impure_data
                0x1fff80dc       0x60 c:/program files (x86)/cypress/psoc creator/4.1/psoc creator/import/gnu/arm/5.4.1/bin/../lib/gcc/arm-none-eabi/5.4.1/../../../../arm-none-eabi/lib/armv7-m\libg_nano.a(lib_a-impure.o)
 .data._impure_ptr
                0x1fff813c        0x4 c:/program files (x86)/cypress/psoc creator/4.1/psoc creator/import/gnu/arm/5.4.1/bin/../lib/gcc/arm-none-eabi/5.4.1/../../../../arm-none-eabi/lib/armv7-m\libg_nano.a(lib_a-impure.o)
                0x1fff813c                _impure_ptr
                0x1fff8140                . = ALIGN (0x8)
 *(.ram)
                0x1fff8140                _edata = .

.igot.plt       0x1fff8140        0x0 load address 0x000007a8
 .igot.plt      0x1fff8140        0x0 c:/program files (x86)/cypress/psoc creator/4.1/psoc creator/import/gnu/arm/5.4.1/bin/../lib/gcc/arm-none-eabi/5.4.1/armv7-m/crtbegin.o

.bss            0x1fff8140       0x20 load address 0x000007a8
                0x1fff8140                PROVIDE (__bss_start__, .)
 *(.shbss)
 *(.bss .bss.* .gnu.linkonce.b.*)
 .bss           0x1fff8140       0x1c c:/program files (x86)/cypress/psoc creator/4.1/psoc creator/import/gnu/arm/5.4.1/bin/../lib/gcc/arm-none-eabi/5.4.1/armv7-m/crtbegin.o
 .bss           0x1fff815c        0x1 .\CortexM3\ARM_GCC_541\Debug\Design01.a(Right_Eyebrow.o)
                0x1fff815c                Right_Eyebrow_initVar
 .bss           0x1fff815d        0x1 .\CortexM3\ARM_GCC_541\Debug\Design01.a(BaseAndJaw.o)
                0x1fff815d                BaseAndJaw_initVar
 *(COMMON)
                0x1fff8160                . = ALIGN (0x8)
 *fill*         0x1fff815e        0x2 
 *(.ram.b)
                0x1fff8160                _end = .
                0x1fff8160                __end = .
                0x1fff8160                PROVIDE (end, .)
                0x1fff8160                PROVIDE (__bss_end__, .)
                0x00000730                __cy_region_init_ram = LOADADDR (.data)
                0x00000078                __cy_region_init_size_ram = (_edata - ADDR (.data))
                0x00000020                __cy_region_zero_size_ram = (_end - _edata)

.heap           0x1fff8160       0x80 load address 0x000007a8
                0x1fff8160                . = _end
                0x1fff81e0                . = (. + 0x80)
 *fill*         0x1fff8160       0x80 
                0x1fff81e0                __cy_heap_limit = .

.stack          0x20007800      0x800
                0x20007800                __cy_stack_limit = .
                0x20008000                . = (. + 0x800)
 *fill*         0x20007800      0x800 
                0x00000001                ASSERT ((__cy_stack_limit >= __cy_heap_limit), region RAM overflowed with stack)
                0x00000000                cy_checksum_exclude_size = (CY_APPL_LOADABLE == 0x1)?SIZEOF (.cy_checksum_exclude):0x0
                0x00000001                ASSERT ((cy_checksum_exclude_size <= CY_CHECKSUM_EXCLUDE_SIZE), CY_BOOT: Section .cy_checksum_exclude size exceedes specified limit.)

.cyloadermeta
 *(.cyloadermeta)

.cyloadablemeta
 *(.cyloadablemeta)

.cyconfigecc    0x80000000      0x7b0
 *(.cyconfigecc)
 .cyconfigecc   0x80000000      0x7b0 .\CortexM3\ARM_GCC_541\Debug\cymetadata.o
                0x80000000                cy_meta_configecc

.cycustnvl      0x90000000        0x4
 *(.cycustnvl)
 .cycustnvl     0x90000000        0x4 .\CortexM3\ARM_GCC_541\Debug\cymetadata.o
                0x90000000                cy_meta_custnvl

.cywolatch      0x90100000        0x4
 *(.cywolatch)
 .cywolatch     0x90100000        0x4 .\CortexM3\ARM_GCC_541\Debug\cymetadata.o
                0x90100000                cy_meta_wonvl

.cyeeprom       0x90200000        0x0
 *(.cyeeprom)
                0x00000001                ASSERT ((. <= ((0x90200000 + ee_offset) + ee_size)), .cyeeprom data will not fit in EEPROM)

.cyflashprotect
                0x90400000      0x100
 *(.cyflashprotect)
 .cyflashprotect
                0x90400000      0x100 .\CortexM3\ARM_GCC_541\Debug\cymetadata.o
                0x90400000                cy_meta_flashprotect

.cymeta         0x90500000        0xc
 *(.cymeta)
 .cymeta        0x90500000        0xc .\CortexM3\ARM_GCC_541\Debug\cymetadata.o
                0x90500000                cy_metadata

.rel.dyn        0x000007a8        0x0 load address 0x9050000c
 .rel.iplt      0x000007a8        0x0 c:/program files (x86)/cypress/psoc creator/4.1/psoc creator/import/gnu/arm/5.4.1/bin/../lib/gcc/arm-none-eabi/5.4.1/armv7-m/crtbegin.o

.stab
 *(.stab)

.stabstr
 *(.stabstr)

.debug
 *(.debug)

.line
 *(.line)

.debug_srcinfo
 *(.debug_srcinfo)

.debug_sfnames
 *(.debug_sfnames)

.debug_aranges  0x00000000      0xad0
 *(.debug_aranges)
 .debug_aranges
                0x00000000       0x88 .\CortexM3\ARM_GCC_541\Debug\main.o
 .debug_aranges
                0x00000088       0x58 .\CortexM3\ARM_GCC_541\Debug\cyfitter_cfg.o
 .debug_aranges
                0x000000e0       0x18 .\CortexM3\ARM_GCC_541\Debug\cymetadata.o
 .debug_aranges
                0x000000f8       0x48 .\CortexM3\ARM_GCC_541\Debug\Cm3Start.o
 .debug_aranges
                0x00000140       0xa8 .\CortexM3\ARM_GCC_541\Debug\Design01.a(Right_Eyeball.o)
 .debug_aranges
                0x000001e8      0x2a0 .\CortexM3\ARM_GCC_541\Debug\Design01.a(CyLib.o)
 .debug_aranges
                0x00000488       0x98 .\CortexM3\ARM_GCC_541\Debug\Design01.a(cyPm.o)
 .debug_aranges
                0x00000520       0xa8 .\CortexM3\ARM_GCC_541\Debug\Design01.a(Left_Eyebrow.o)
 .debug_aranges
                0x000005c8       0xa8 .\CortexM3\ARM_GCC_541\Debug\Design01.a(Right_Eyebrow.o)
 .debug_aranges
                0x00000670       0xa8 .\CortexM3\ARM_GCC_541\Debug\Design01.a(Eyelid.o)
 .debug_aranges
                0x00000718       0xa8 .\CortexM3\ARM_GCC_541\Debug\Design01.a(BaseAndJaw.o)
 .debug_aranges
                0x000007c0       0xa8 .\CortexM3\ARM_GCC_541\Debug\Design01.a(Lips.o)
 .debug_aranges
                0x00000868       0xa8 .\CortexM3\ARM_GCC_541\Debug\Design01.a(Neck.o)
 .debug_aranges
                0x00000910       0xa8 .\CortexM3\ARM_GCC_541\Debug\Design01.a(Left_Eyeball.o)
 .debug_aranges
                0x000009b8       0x20 .\CortexM3\ARM_GCC_541\Debug\Design01.a(CyBootAsmGnu.o)
 .debug_aranges
                0x000009d8       0x80 .\CortexM3\ARM_GCC_541\Debug\Design01.a(CyFlash.o)
 .debug_aranges
                0x00000a58       0x78 .\CortexM3\ARM_GCC_541\Debug\Design01.a(CySpc.o)

.debug_pubnames
 *(.debug_pubnames)

.debug_info     0x00000000     0x57a9
 *(.debug_info .gnu.linkonce.wi.*)
 .debug_info    0x00000000      0x827 .\CortexM3\ARM_GCC_541\Debug\main.o
 .debug_info    0x00000827      0x4c9 .\CortexM3\ARM_GCC_541\Debug\cyfitter_cfg.o
 .debug_info    0x00000cf0      0x139 .\CortexM3\ARM_GCC_541\Debug\cymetadata.o
 .debug_info    0x00000e29      0x3bb .\CortexM3\ARM_GCC_541\Debug\Cm3Start.o
 .debug_info    0x000011e4      0x3a0 .\CortexM3\ARM_GCC_541\Debug\Design01.a(Right_Eyeball.o)
 .debug_info    0x00001584     0x1374 .\CortexM3\ARM_GCC_541\Debug\Design01.a(CyLib.o)
 .debug_info    0x000028f8      0xa2a .\CortexM3\ARM_GCC_541\Debug\Design01.a(cyPm.o)
 .debug_info    0x00003322      0x3a0 .\CortexM3\ARM_GCC_541\Debug\Design01.a(Left_Eyebrow.o)
 .debug_info    0x000036c2      0x3a0 .\CortexM3\ARM_GCC_541\Debug\Design01.a(Right_Eyebrow.o)
 .debug_info    0x00003a62      0x3a0 .\CortexM3\ARM_GCC_541\Debug\Design01.a(Eyelid.o)
 .debug_info    0x00003e02      0x3a0 .\CortexM3\ARM_GCC_541\Debug\Design01.a(BaseAndJaw.o)
 .debug_info    0x000041a2      0x3a0 .\CortexM3\ARM_GCC_541\Debug\Design01.a(Lips.o)
 .debug_info    0x00004542      0x3a0 .\CortexM3\ARM_GCC_541\Debug\Design01.a(Neck.o)
 .debug_info    0x000048e2      0x3a0 .\CortexM3\ARM_GCC_541\Debug\Design01.a(Left_Eyeball.o)
 .debug_info    0x00004c82       0x86 .\CortexM3\ARM_GCC_541\Debug\Design01.a(CyBootAsmGnu.o)
 .debug_info    0x00004d08      0x5b8 .\CortexM3\ARM_GCC_541\Debug\Design01.a(CyFlash.o)
 .debug_info    0x000052c0      0x4e9 .\CortexM3\ARM_GCC_541\Debug\Design01.a(CySpc.o)

.debug_abbrev   0x00000000     0x1629
 *(.debug_abbrev)
 .debug_abbrev  0x00000000       0xf5 .\CortexM3\ARM_GCC_541\Debug\main.o
 .debug_abbrev  0x000000f5      0x1fe .\CortexM3\ARM_GCC_541\Debug\cyfitter_cfg.o
 .debug_abbrev  0x000002f3       0x77 .\CortexM3\ARM_GCC_541\Debug\cymetadata.o
 .debug_abbrev  0x0000036a      0x1e8 .\CortexM3\ARM_GCC_541\Debug\Cm3Start.o
 .debug_abbrev  0x00000552      0x133 .\CortexM3\ARM_GCC_541\Debug\Design01.a(Right_Eyeball.o)
 .debug_abbrev  0x00000685      0x254 .\CortexM3\ARM_GCC_541\Debug\Design01.a(CyLib.o)
 .debug_abbrev  0x000008d9      0x1ab .\CortexM3\ARM_GCC_541\Debug\Design01.a(cyPm.o)
 .debug_abbrev  0x00000a84      0x133 .\CortexM3\ARM_GCC_541\Debug\Design01.a(Left_Eyebrow.o)
 .debug_abbrev  0x00000bb7      0x133 .\CortexM3\ARM_GCC_541\Debug\Design01.a(Right_Eyebrow.o)
 .debug_abbrev  0x00000cea      0x133 .\CortexM3\ARM_GCC_541\Debug\Design01.a(Eyelid.o)
 .debug_abbrev  0x00000e1d      0x133 .\CortexM3\ARM_GCC_541\Debug\Design01.a(BaseAndJaw.o)
 .debug_abbrev  0x00000f50      0x133 .\CortexM3\ARM_GCC_541\Debug\Design01.a(Lips.o)
 .debug_abbrev  0x00001083      0x133 .\CortexM3\ARM_GCC_541\Debug\Design01.a(Neck.o)
 .debug_abbrev  0x000011b6      0x133 .\CortexM3\ARM_GCC_541\Debug\Design01.a(Left_Eyeball.o)
 .debug_abbrev  0x000012e9       0x14 .\CortexM3\ARM_GCC_541\Debug\Design01.a(CyBootAsmGnu.o)
 .debug_abbrev  0x000012fd      0x198 .\CortexM3\ARM_GCC_541\Debug\Design01.a(CyFlash.o)
 .debug_abbrev  0x00001495      0x194 .\CortexM3\ARM_GCC_541\Debug\Design01.a(CySpc.o)

.debug_line     0x00000000     0x26b8
 *(.debug_line)
 .debug_line    0x00000000      0x3d4 .\CortexM3\ARM_GCC_541\Debug\main.o
 .debug_line    0x000003d4      0x1e5 .\CortexM3\ARM_GCC_541\Debug\cyfitter_cfg.o
 .debug_line    0x000005b9      0x141 .\CortexM3\ARM_GCC_541\Debug\cymetadata.o
 .debug_line    0x000006fa      0x234 .\CortexM3\ARM_GCC_541\Debug\Cm3Start.o
 .debug_line    0x0000092e      0x1b4 .\CortexM3\ARM_GCC_541\Debug\Design01.a(Right_Eyeball.o)
 .debug_line    0x00000ae2      0x816 .\CortexM3\ARM_GCC_541\Debug\Design01.a(CyLib.o)
 .debug_line    0x000012f8      0x367 .\CortexM3\ARM_GCC_541\Debug\Design01.a(cyPm.o)
 .debug_line    0x0000165f      0x1b3 .\CortexM3\ARM_GCC_541\Debug\Design01.a(Left_Eyebrow.o)
 .debug_line    0x00001812      0x1b4 .\CortexM3\ARM_GCC_541\Debug\Design01.a(Right_Eyebrow.o)
 .debug_line    0x000019c6      0x1ad .\CortexM3\ARM_GCC_541\Debug\Design01.a(Eyelid.o)
 .debug_line    0x00001b73      0x1b1 .\CortexM3\ARM_GCC_541\Debug\Design01.a(BaseAndJaw.o)
 .debug_line    0x00001d24      0x1ab .\CortexM3\ARM_GCC_541\Debug\Design01.a(Lips.o)
 .debug_line    0x00001ecf      0x1ab .\CortexM3\ARM_GCC_541\Debug\Design01.a(Neck.o)
 .debug_line    0x0000207a      0x1b3 .\CortexM3\ARM_GCC_541\Debug\Design01.a(Left_Eyeball.o)
 .debug_line    0x0000222d       0x66 .\CortexM3\ARM_GCC_541\Debug\Design01.a(CyBootAsmGnu.o)
 .debug_line    0x00002293      0x1e9 .\CortexM3\ARM_GCC_541\Debug\Design01.a(CyFlash.o)
 .debug_line    0x0000247c      0x23c .\CortexM3\ARM_GCC_541\Debug\Design01.a(CySpc.o)

.debug_frame    0x00000000     0x1a94
 *(.debug_frame)
 .debug_frame   0x00000000      0x198 .\CortexM3\ARM_GCC_541\Debug\main.o
 .debug_frame   0x00000198       0xe4 .\CortexM3\ARM_GCC_541\Debug\cyfitter_cfg.o
 .debug_frame   0x0000027c       0xb8 .\CortexM3\ARM_GCC_541\Debug\Cm3Start.o
 .debug_frame   0x00000334      0x154 .\CortexM3\ARM_GCC_541\Debug\Design01.a(Right_Eyeball.o)
 .debug_frame   0x00000488      0x738 .\CortexM3\ARM_GCC_541\Debug\Design01.a(CyLib.o)
 .debug_frame   0x00000bc0      0x1f8 .\CortexM3\ARM_GCC_541\Debug\Design01.a(cyPm.o)
 .debug_frame   0x00000db8      0x154 .\CortexM3\ARM_GCC_541\Debug\Design01.a(Left_Eyebrow.o)
 .debug_frame   0x00000f0c      0x154 .\CortexM3\ARM_GCC_541\Debug\Design01.a(Right_Eyebrow.o)
 .debug_frame   0x00001060      0x154 .\CortexM3\ARM_GCC_541\Debug\Design01.a(Eyelid.o)
 .debug_frame   0x000011b4      0x154 .\CortexM3\ARM_GCC_541\Debug\Design01.a(BaseAndJaw.o)
 .debug_frame   0x00001308      0x154 .\CortexM3\ARM_GCC_541\Debug\Design01.a(Lips.o)
 .debug_frame   0x0000145c      0x154 .\CortexM3\ARM_GCC_541\Debug\Design01.a(Neck.o)
 .debug_frame   0x000015b0      0x154 .\CortexM3\ARM_GCC_541\Debug\Design01.a(Left_Eyeball.o)
 .debug_frame   0x00001704      0x174 .\CortexM3\ARM_GCC_541\Debug\Design01.a(CyFlash.o)
 .debug_frame   0x00001878      0x160 .\CortexM3\ARM_GCC_541\Debug\Design01.a(CySpc.o)
 .debug_frame   0x000019d8       0x20 c:/program files (x86)/cypress/psoc creator/4.1/psoc creator/import/gnu/arm/5.4.1/bin/../lib/gcc/arm-none-eabi/5.4.1/../../../../arm-none-eabi/lib/armv7-m\libg_nano.a(lib_a-errno.o)
 .debug_frame   0x000019f8       0x28 c:/program files (x86)/cypress/psoc creator/4.1/psoc creator/import/gnu/arm/5.4.1/bin/../lib/gcc/arm-none-eabi/5.4.1/../../../../arm-none-eabi/lib/armv7-m\libg_nano.a(lib_a-exit.o)
 .debug_frame   0x00001a20       0x2c c:/program files (x86)/cypress/psoc creator/4.1/psoc creator/import/gnu/arm/5.4.1/bin/../lib/gcc/arm-none-eabi/5.4.1/../../../../arm-none-eabi/lib/armv7-m\libg_nano.a(lib_a-init.o)
 .debug_frame   0x00001a4c       0x28 c:/program files (x86)/cypress/psoc creator/4.1/psoc creator/import/gnu/arm/5.4.1/bin/../lib/gcc/arm-none-eabi/5.4.1/../../../../arm-none-eabi/lib/armv7-m\libg_nano.a(lib_a-memcpy-stub.o)
 .debug_frame   0x00001a74       0x20 c:/program files (x86)/cypress/psoc creator/4.1/psoc creator/import/gnu/arm/5.4.1/bin/../lib/gcc/arm-none-eabi/5.4.1/../../../../arm-none-eabi/lib/armv7-m\libg_nano.a(lib_a-memset.o)

.debug_str      0x00000000     0x22a6
 *(.debug_str)
 .debug_str     0x00000000      0x3d5 .\CortexM3\ARM_GCC_541\Debug\main.o
                                0x41d (size before relaxing)
 .debug_str     0x000003d5      0x187 .\CortexM3\ARM_GCC_541\Debug\cyfitter_cfg.o
                                0x305 (size before relaxing)
 .debug_str     0x0000055c       0x7f .\CortexM3\ARM_GCC_541\Debug\cymetadata.o
                                0x1da (size before relaxing)
 .debug_str     0x000005db      0x13f .\CortexM3\ARM_GCC_541\Debug\Cm3Start.o
                                0x300 (size before relaxing)
 .debug_str     0x0000071a      0x250 .\CortexM3\ARM_GCC_541\Debug\Design01.a(Right_Eyeball.o)
                                0x425 (size before relaxing)
 .debug_str     0x0000096a      0x810 .\CortexM3\ARM_GCC_541\Debug\Design01.a(CyLib.o)
                                0xa3d (size before relaxing)
 .debug_str     0x0000117a      0x365 .\CortexM3\ARM_GCC_541\Debug\Design01.a(cyPm.o)
                                0x729 (size before relaxing)
 .debug_str     0x000014df      0x1eb .\CortexM3\ARM_GCC_541\Debug\Design01.a(Left_Eyebrow.o)
                                0x410 (size before relaxing)
 .debug_str     0x000016ca      0x1ea .\CortexM3\ARM_GCC_541\Debug\Design01.a(Right_Eyebrow.o)
                                0x425 (size before relaxing)
 .debug_str     0x000018b4      0x18e .\CortexM3\ARM_GCC_541\Debug\Design01.a(Eyelid.o)
                                0x392 (size before relaxing)
 .debug_str     0x00001a42      0x1b4 .\CortexM3\ARM_GCC_541\Debug\Design01.a(BaseAndJaw.o)
                                0x3e6 (size before relaxing)
 .debug_str     0x00001bf6      0x148 .\CortexM3\ARM_GCC_541\Debug\Design01.a(Lips.o)
                                0x368 (size before relaxing)
 .debug_str     0x00001d3e      0x148 .\CortexM3\ARM_GCC_541\Debug\Design01.a(Neck.o)
                                0x368 (size before relaxing)
 .debug_str     0x00001e86      0x1d8 .\CortexM3\ARM_GCC_541\Debug\Design01.a(Left_Eyeball.o)
                                0x410 (size before relaxing)
 .debug_str     0x0000205e      0x19c .\CortexM3\ARM_GCC_541\Debug\Design01.a(CyFlash.o)
                                0x397 (size before relaxing)
 .debug_str     0x000021fa       0xac .\CortexM3\ARM_GCC_541\Debug\Design01.a(CySpc.o)
                                0x320 (size before relaxing)

.debug_loc      0x00000000     0x1a39
 *(.debug_loc)
 .debug_loc     0x00000000       0xba .\CortexM3\ARM_GCC_541\Debug\main.o
 .debug_loc     0x000000ba      0x1d7 .\CortexM3\ARM_GCC_541\Debug\cyfitter_cfg.o
 .debug_loc     0x00000291      0x144 .\CortexM3\ARM_GCC_541\Debug\Cm3Start.o
 .debug_loc     0x000003d5       0x26 .\CortexM3\ARM_GCC_541\Debug\Design01.a(Right_Eyeball.o)
 .debug_loc     0x000003fb      0xa11 .\CortexM3\ARM_GCC_541\Debug\Design01.a(CyLib.o)
 .debug_loc     0x00000e0c      0x1e4 .\CortexM3\ARM_GCC_541\Debug\Design01.a(cyPm.o)
 .debug_loc     0x00000ff0       0x26 .\CortexM3\ARM_GCC_541\Debug\Design01.a(Left_Eyebrow.o)
 .debug_loc     0x00001016       0x26 .\CortexM3\ARM_GCC_541\Debug\Design01.a(Right_Eyebrow.o)
 .debug_loc     0x0000103c       0x26 .\CortexM3\ARM_GCC_541\Debug\Design01.a(Eyelid.o)
 .debug_loc     0x00001062       0x26 .\CortexM3\ARM_GCC_541\Debug\Design01.a(BaseAndJaw.o)
 .debug_loc     0x00001088       0x26 .\CortexM3\ARM_GCC_541\Debug\Design01.a(Lips.o)
 .debug_loc     0x000010ae       0x26 .\CortexM3\ARM_GCC_541\Debug\Design01.a(Neck.o)
 .debug_loc     0x000010d4       0x26 .\CortexM3\ARM_GCC_541\Debug\Design01.a(Left_Eyeball.o)
 .debug_loc     0x000010fa      0x2f2 .\CortexM3\ARM_GCC_541\Debug\Design01.a(CyFlash.o)
 .debug_loc     0x000013ec      0x64d .\CortexM3\ARM_GCC_541\Debug\Design01.a(CySpc.o)

.debug_macinfo
 *(.debug_macinfo)

.debug_ranges   0x00000000      0x9a8
 *(.debug_ranges)
 .debug_ranges  0x00000000       0x78 .\CortexM3\ARM_GCC_541\Debug\main.o
 .debug_ranges  0x00000078       0x48 .\CortexM3\ARM_GCC_541\Debug\cyfitter_cfg.o
 .debug_ranges  0x000000c0       0x38 .\CortexM3\ARM_GCC_541\Debug\Cm3Start.o
 .debug_ranges  0x000000f8       0x98 .\CortexM3\ARM_GCC_541\Debug\Design01.a(Right_Eyeball.o)
 .debug_ranges  0x00000190      0x290 .\CortexM3\ARM_GCC_541\Debug\Design01.a(CyLib.o)
 .debug_ranges  0x00000420       0x88 .\CortexM3\ARM_GCC_541\Debug\Design01.a(cyPm.o)
 .debug_ranges  0x000004a8       0x98 .\CortexM3\ARM_GCC_541\Debug\Design01.a(Left_Eyebrow.o)
 .debug_ranges  0x00000540       0x98 .\CortexM3\ARM_GCC_541\Debug\Design01.a(Right_Eyebrow.o)
 .debug_ranges  0x000005d8       0x98 .\CortexM3\ARM_GCC_541\Debug\Design01.a(Eyelid.o)
 .debug_ranges  0x00000670       0x98 .\CortexM3\ARM_GCC_541\Debug\Design01.a(BaseAndJaw.o)
 .debug_ranges  0x00000708       0x98 .\CortexM3\ARM_GCC_541\Debug\Design01.a(Lips.o)
 .debug_ranges  0x000007a0       0x98 .\CortexM3\ARM_GCC_541\Debug\Design01.a(Neck.o)
 .debug_ranges  0x00000838       0x98 .\CortexM3\ARM_GCC_541\Debug\Design01.a(Left_Eyeball.o)
 .debug_ranges  0x000008d0       0x70 .\CortexM3\ARM_GCC_541\Debug\Design01.a(CyFlash.o)
 .debug_ranges  0x00000940       0x68 .\CortexM3\ARM_GCC_541\Debug\Design01.a(CySpc.o)

.comment        0x00000000       0x6e
 .comment       0x00000000       0x6e .\CortexM3\ARM_GCC_541\Debug\main.o
                                 0x6f (size before relaxing)
 .comment       0x0000006e       0x6f .\CortexM3\ARM_GCC_541\Debug\cyfitter_cfg.o
 .comment       0x0000006e       0x6f .\CortexM3\ARM_GCC_541\Debug\cymetadata.o
 .comment       0x0000006e       0x6f .\CortexM3\ARM_GCC_541\Debug\Cm3Start.o
 .comment       0x0000006e       0x6f .\CortexM3\ARM_GCC_541\Debug\Design01.a(Right_Eyeball.o)
 .comment       0x0000006e       0x6f .\CortexM3\ARM_GCC_541\Debug\Design01.a(CyLib.o)
 .comment       0x0000006e       0x6f .\CortexM3\ARM_GCC_541\Debug\Design01.a(cyPm.o)
 .comment       0x0000006e       0x6f .\CortexM3\ARM_GCC_541\Debug\Design01.a(Left_Eyebrow.o)
 .comment       0x0000006e       0x6f .\CortexM3\ARM_GCC_541\Debug\Design01.a(Right_Eyebrow.o)
 .comment       0x0000006e       0x6f .\CortexM3\ARM_GCC_541\Debug\Design01.a(Eyelid.o)
 .comment       0x0000006e       0x6f .\CortexM3\ARM_GCC_541\Debug\Design01.a(BaseAndJaw.o)
 .comment       0x0000006e       0x6f .\CortexM3\ARM_GCC_541\Debug\Design01.a(Lips.o)
 .comment       0x0000006e       0x6f .\CortexM3\ARM_GCC_541\Debug\Design01.a(Neck.o)
 .comment       0x0000006e       0x6f .\CortexM3\ARM_GCC_541\Debug\Design01.a(Left_Eyeball.o)
 .comment       0x0000006e       0x6f .\CortexM3\ARM_GCC_541\Debug\Design01.a(CyFlash.o)
 .comment       0x0000006e       0x6f .\CortexM3\ARM_GCC_541\Debug\Design01.a(CySpc.o)

.debug_weaknames
 *(.debug_weaknames)

.debug_funcnames
 *(.debug_funcnames)

.debug_typenames
 *(.debug_typenames)

.debug_varnames
 *(.debug_varnames)

.note.gnu.arm.ident
 *(.note.gnu.arm.ident)

.ARM.attributes
                0x00000000       0x29
 *(.ARM.attributes)
 .ARM.attributes
                0x00000000       0x1d c:/program files (x86)/cypress/psoc creator/4.1/psoc creator/import/gnu/arm/5.4.1/bin/../lib/gcc/arm-none-eabi/5.4.1/armv7-m/crti.o
 .ARM.attributes
                0x0000001d       0x2d c:/program files (x86)/cypress/psoc creator/4.1/psoc creator/import/gnu/arm/5.4.1/bin/../lib/gcc/arm-none-eabi/5.4.1/armv7-m/crtbegin.o
 .ARM.attributes
                0x0000004a       0x1b c:/program files (x86)/cypress/psoc creator/4.1/psoc creator/import/gnu/arm/5.4.1/bin/../lib/gcc/arm-none-eabi/5.4.1/../../../../arm-none-eabi/lib/armv7-m/crt0.o
 .ARM.attributes
                0x00000065       0x33 .\CortexM3\ARM_GCC_541\Debug\main.o
 .ARM.attributes
                0x00000098       0x33 .\CortexM3\ARM_GCC_541\Debug\cyfitter_cfg.o
 .ARM.attributes
                0x000000cb       0x33 .\CortexM3\ARM_GCC_541\Debug\cymetadata.o
 .ARM.attributes
                0x000000fe       0x33 .\CortexM3\ARM_GCC_541\Debug\Cm3Start.o
 .ARM.attributes
                0x00000131       0x33 .\CortexM3\ARM_GCC_541\Debug\Design01.a(Right_Eyeball.o)
 .ARM.attributes
                0x00000164       0x33 .\CortexM3\ARM_GCC_541\Debug\Design01.a(CyLib.o)
 .ARM.attributes
                0x00000197       0x33 .\CortexM3\ARM_GCC_541\Debug\Design01.a(cyPm.o)
 .ARM.attributes
                0x000001ca       0x33 .\CortexM3\ARM_GCC_541\Debug\Design01.a(Left_Eyebrow.o)
 .ARM.attributes
                0x000001fd       0x33 .\CortexM3\ARM_GCC_541\Debug\Design01.a(Right_Eyebrow.o)
 .ARM.attributes
                0x00000230       0x33 .\CortexM3\ARM_GCC_541\Debug\Design01.a(Eyelid.o)
 .ARM.attributes
                0x00000263       0x33 .\CortexM3\ARM_GCC_541\Debug\Design01.a(BaseAndJaw.o)
 .ARM.attributes
                0x00000296       0x33 .\CortexM3\ARM_GCC_541\Debug\Design01.a(Lips.o)
 .ARM.attributes
                0x000002c9       0x33 .\CortexM3\ARM_GCC_541\Debug\Design01.a(Neck.o)
 .ARM.attributes
                0x000002fc       0x33 .\CortexM3\ARM_GCC_541\Debug\Design01.a(Left_Eyeball.o)
 .ARM.attributes
                0x0000032f       0x21 .\CortexM3\ARM_GCC_541\Debug\Design01.a(CyBootAsmGnu.o)
 .ARM.attributes
                0x00000350       0x33 .\CortexM3\ARM_GCC_541\Debug\Design01.a(CyFlash.o)
 .ARM.attributes
                0x00000383       0x33 .\CortexM3\ARM_GCC_541\Debug\Design01.a(CySpc.o)
 .ARM.attributes
                0x000003b6       0x2d c:/program files (x86)/cypress/psoc creator/4.1/psoc creator/import/gnu/arm/5.4.1/bin/../lib/gcc/arm-none-eabi/5.4.1/../../../../arm-none-eabi/lib/armv7-m\libg_nano.a(lib_a-errno.o)
 .ARM.attributes
                0x000003e3       0x2d c:/program files (x86)/cypress/psoc creator/4.1/psoc creator/import/gnu/arm/5.4.1/bin/../lib/gcc/arm-none-eabi/5.4.1/../../../../arm-none-eabi/lib/armv7-m\libg_nano.a(lib_a-exit.o)
 .ARM.attributes
                0x00000410       0x2d c:/program files (x86)/cypress/psoc creator/4.1/psoc creator/import/gnu/arm/5.4.1/bin/../lib/gcc/arm-none-eabi/5.4.1/../../../../arm-none-eabi/lib/armv7-m\libg_nano.a(lib_a-impure.o)
 .ARM.attributes
                0x0000043d       0x2d c:/program files (x86)/cypress/psoc creator/4.1/psoc creator/import/gnu/arm/5.4.1/bin/../lib/gcc/arm-none-eabi/5.4.1/../../../../arm-none-eabi/lib/armv7-m\libg_nano.a(lib_a-init.o)
 .ARM.attributes
                0x0000046a       0x2d c:/program files (x86)/cypress/psoc creator/4.1/psoc creator/import/gnu/arm/5.4.1/bin/../lib/gcc/arm-none-eabi/5.4.1/../../../../arm-none-eabi/lib/armv7-m\libg_nano.a(lib_a-memcpy-stub.o)
 .ARM.attributes
                0x00000497       0x2d c:/program files (x86)/cypress/psoc creator/4.1/psoc creator/import/gnu/arm/5.4.1/bin/../lib/gcc/arm-none-eabi/5.4.1/../../../../arm-none-eabi/lib/armv7-m\libg_nano.a(lib_a-memset.o)
 .ARM.attributes
                0x000004c4       0x2d c:/program files (x86)/cypress/psoc creator/4.1/psoc creator/import/gnu/arm/5.4.1/bin/../lib/gcc/arm-none-eabi/5.4.1/armv7-m/crtend.o
 .ARM.attributes
                0x000004f1       0x1d c:/program files (x86)/cypress/psoc creator/4.1/psoc creator/import/gnu/arm/5.4.1/bin/../lib/gcc/arm-none-eabi/5.4.1/armv7-m/crtn.o

/DISCARD/
 *(.note.GNU-stack)
OUTPUT(C:\Users\teju\Desktop\CSE564\Workspace03\Design01.cydsn\CortexM3\ARM_GCC_541\Debug\Design01.elf elf32-littlearm)
